Archive member included to satisfy reference by file (symbol)

c:/st/stm32cubeide_1.3.0/stm32cubeide/plugins/com.st.stm32cube.ide.mcu.externaltools.gnu-tools-for-stm32.7-2018-q2-update.win32_1.0.0.201904181610/tools/bin/../lib/gcc/arm-none-eabi/7.3.1/../../../../arm-none-eabi/lib/thumb/v7e-m/fpv4-sp/hard\libc_nano.a(lib_a-errno.o)
                              Core/Src/syscalls.o (__errno)
c:/st/stm32cubeide_1.3.0/stm32cubeide/plugins/com.st.stm32cube.ide.mcu.externaltools.gnu-tools-for-stm32.7-2018-q2-update.win32_1.0.0.201904181610/tools/bin/../lib/gcc/arm-none-eabi/7.3.1/../../../../arm-none-eabi/lib/thumb/v7e-m/fpv4-sp/hard\libc_nano.a(lib_a-exit.o)
                              c:/st/stm32cubeide_1.3.0/stm32cubeide/plugins/com.st.stm32cube.ide.mcu.externaltools.gnu-tools-for-stm32.7-2018-q2-update.win32_1.0.0.201904181610/tools/bin/../lib/gcc/arm-none-eabi/7.3.1/../../../../arm-none-eabi/lib/thumb/v7e-m/fpv4-sp/hard/crt0.o (exit)
c:/st/stm32cubeide_1.3.0/stm32cubeide/plugins/com.st.stm32cube.ide.mcu.externaltools.gnu-tools-for-stm32.7-2018-q2-update.win32_1.0.0.201904181610/tools/bin/../lib/gcc/arm-none-eabi/7.3.1/../../../../arm-none-eabi/lib/thumb/v7e-m/fpv4-sp/hard\libc_nano.a(lib_a-impure.o)
                              c:/st/stm32cubeide_1.3.0/stm32cubeide/plugins/com.st.stm32cube.ide.mcu.externaltools.gnu-tools-for-stm32.7-2018-q2-update.win32_1.0.0.201904181610/tools/bin/../lib/gcc/arm-none-eabi/7.3.1/../../../../arm-none-eabi/lib/thumb/v7e-m/fpv4-sp/hard\libc_nano.a(lib_a-exit.o) (_global_impure_ptr)
c:/st/stm32cubeide_1.3.0/stm32cubeide/plugins/com.st.stm32cube.ide.mcu.externaltools.gnu-tools-for-stm32.7-2018-q2-update.win32_1.0.0.201904181610/tools/bin/../lib/gcc/arm-none-eabi/7.3.1/../../../../arm-none-eabi/lib/thumb/v7e-m/fpv4-sp/hard\libc_nano.a(lib_a-init.o)
                              c:/st/stm32cubeide_1.3.0/stm32cubeide/plugins/com.st.stm32cube.ide.mcu.externaltools.gnu-tools-for-stm32.7-2018-q2-update.win32_1.0.0.201904181610/tools/bin/../lib/gcc/arm-none-eabi/7.3.1/../../../../arm-none-eabi/lib/thumb/v7e-m/fpv4-sp/hard/crt0.o (__libc_init_array)
c:/st/stm32cubeide_1.3.0/stm32cubeide/plugins/com.st.stm32cube.ide.mcu.externaltools.gnu-tools-for-stm32.7-2018-q2-update.win32_1.0.0.201904181610/tools/bin/../lib/gcc/arm-none-eabi/7.3.1/../../../../arm-none-eabi/lib/thumb/v7e-m/fpv4-sp/hard\libc_nano.a(lib_a-malloc.o)
                              Middlewares/ST/STM32_USB_Device_Library/Class/MSC/Src/usbd_msc.o (malloc)
c:/st/stm32cubeide_1.3.0/stm32cubeide/plugins/com.st.stm32cube.ide.mcu.externaltools.gnu-tools-for-stm32.7-2018-q2-update.win32_1.0.0.201904181610/tools/bin/../lib/gcc/arm-none-eabi/7.3.1/../../../../arm-none-eabi/lib/thumb/v7e-m/fpv4-sp/hard\libc_nano.a(lib_a-memset.o)
                              c:/st/stm32cubeide_1.3.0/stm32cubeide/plugins/com.st.stm32cube.ide.mcu.externaltools.gnu-tools-for-stm32.7-2018-q2-update.win32_1.0.0.201904181610/tools/bin/../lib/gcc/arm-none-eabi/7.3.1/../../../../arm-none-eabi/lib/thumb/v7e-m/fpv4-sp/hard/crt0.o (memset)
c:/st/stm32cubeide_1.3.0/stm32cubeide/plugins/com.st.stm32cube.ide.mcu.externaltools.gnu-tools-for-stm32.7-2018-q2-update.win32_1.0.0.201904181610/tools/bin/../lib/gcc/arm-none-eabi/7.3.1/../../../../arm-none-eabi/lib/thumb/v7e-m/fpv4-sp/hard\libc_nano.a(lib_a-nano-freer.o)
                              c:/st/stm32cubeide_1.3.0/stm32cubeide/plugins/com.st.stm32cube.ide.mcu.externaltools.gnu-tools-for-stm32.7-2018-q2-update.win32_1.0.0.201904181610/tools/bin/../lib/gcc/arm-none-eabi/7.3.1/../../../../arm-none-eabi/lib/thumb/v7e-m/fpv4-sp/hard\libc_nano.a(lib_a-malloc.o) (_free_r)
c:/st/stm32cubeide_1.3.0/stm32cubeide/plugins/com.st.stm32cube.ide.mcu.externaltools.gnu-tools-for-stm32.7-2018-q2-update.win32_1.0.0.201904181610/tools/bin/../lib/gcc/arm-none-eabi/7.3.1/../../../../arm-none-eabi/lib/thumb/v7e-m/fpv4-sp/hard\libc_nano.a(lib_a-nano-mallocr.o)
                              c:/st/stm32cubeide_1.3.0/stm32cubeide/plugins/com.st.stm32cube.ide.mcu.externaltools.gnu-tools-for-stm32.7-2018-q2-update.win32_1.0.0.201904181610/tools/bin/../lib/gcc/arm-none-eabi/7.3.1/../../../../arm-none-eabi/lib/thumb/v7e-m/fpv4-sp/hard\libc_nano.a(lib_a-malloc.o) (_malloc_r)
c:/st/stm32cubeide_1.3.0/stm32cubeide/plugins/com.st.stm32cube.ide.mcu.externaltools.gnu-tools-for-stm32.7-2018-q2-update.win32_1.0.0.201904181610/tools/bin/../lib/gcc/arm-none-eabi/7.3.1/../../../../arm-none-eabi/lib/thumb/v7e-m/fpv4-sp/hard\libc_nano.a(lib_a-nano-vfprintf_float.o)
                              (_printf_float)
c:/st/stm32cubeide_1.3.0/stm32cubeide/plugins/com.st.stm32cube.ide.mcu.externaltools.gnu-tools-for-stm32.7-2018-q2-update.win32_1.0.0.201904181610/tools/bin/../lib/gcc/arm-none-eabi/7.3.1/../../../../arm-none-eabi/lib/thumb/v7e-m/fpv4-sp/hard\libc_nano.a(lib_a-nano-vfprintf_i.o)
[...]
Memory Configuration

Name             Origin             Length             Attributes
CCMRAM           0x0000000010000000 0x0000000000010000 xrw
RAM              0x0000000020000000 0x0000000000020000 xrw
FLASH            0x0000000008000000 0x0000000000100000 xr
*default*        0x0000000000000000 0xffffffffffffffff

Linker script and memory map

LOAD c:/st/stm32cubeide_1.3.0/stm32cubeide/plugins/com.st.stm32cube.ide.mcu.externaltools.gnu-tools-for-stm32.7-2018-q2-update.win32_1.0.0.201904181610/tools/bin/../lib/gcc/arm-none-eabi/7.3.1/thumb/v7e-m/fpv4-sp/hard/crti.o
LOAD c:/st/stm32cubeide_1.3.0/stm32cubeide/plugins/com.st.stm32cube.ide.mcu.externaltools.gnu-tools-for-stm32.7-2018-q2-update.win32_1.0.0.201904181610/tools/bin/../lib/gcc/arm-none-eabi/7.3.1/thumb/v7e-m/fpv4-sp/hard/crtbegin.o
LOAD c:/st/stm32cubeide_1.3.0/stm32cubeide/plugins/com.st.stm32cube.ide.mcu.externaltools.gnu-tools-for-stm32.7-2018-q2-update.win32_1.0.0.201904181610/tools/bin/../lib/gcc/arm-none-eabi/7.3.1/../../../../arm-none-eabi/lib/thumb/v7e-m/fpv4-sp/hard/crt0.o
LOAD Core/Src/main.o
LOAD Core/Src/stm32f4xx_hal_msp.o
LOAD Core/Src/stm32f4xx_it.o
LOAD Core/Src/syscalls.o
LOAD Core/Src/sysmem.o
LOAD Core/Src/system_stm32f4xx.o
LOAD Core/Startup/startup_stm32f407vgtx.o
LOAD Drivers/STM32F4xx_HAL_Driver/Src/stm32f4xx_hal.o
LOAD Drivers/STM32F4xx_HAL_Driver/Src/stm32f4xx_hal_adc.o
LOAD Drivers/STM32F4xx_HAL_Driver/Src/stm32f4xx_hal_adc_ex.o
LOAD Drivers/STM32F4xx_HAL_Driver/Src/stm32f4xx_hal_cortex.o
LOAD Drivers/STM32F4xx_HAL_Driver/Src/stm32f4xx_hal_dma.o
LOAD Drivers/STM32F4xx_HAL_Driver/Src/stm32f4xx_hal_dma_ex.o
LOAD Drivers/STM32F4xx_HAL_Driver/Src/stm32f4xx_hal_exti.o
LOAD Drivers/STM32F4xx_HAL_Driver/Src/stm32f4xx_hal_flash.o
LOAD Drivers/STM32F4xx_HAL_Driver/Src/stm32f4xx_hal_flash_ex.o
LOAD Drivers/STM32F4xx_HAL_Driver/Src/stm32f4xx_hal_flash_ramfunc.o
LOAD Drivers/STM32F4xx_HAL_Driver/Src/stm32f4xx_hal_gpio.o
LOAD Drivers/STM32F4xx_HAL_Driver/Src/stm32f4xx_hal_pcd.o
LOAD Drivers/STM32F4xx_HAL_Driver/Src/stm32f4xx_hal_pcd_ex.o
LOAD Drivers/STM32F4xx_HAL_Driver/Src/stm32f4xx_hal_pwr.o
LOAD Drivers/STM32F4xx_HAL_Driver/Src/stm32f4xx_hal_pwr_ex.o
LOAD Drivers/STM32F4xx_HAL_Driver/Src/stm32f4xx_hal_rcc.o
LOAD Drivers/STM32F4xx_HAL_Driver/Src/stm32f4xx_hal_rcc_ex.o
LOAD Drivers/STM32F4xx_HAL_Driver/Src/stm32f4xx_hal_sd.o
LOAD Drivers/STM32F4xx_HAL_Driver/Src/stm32f4xx_hal_tim.o
LOAD Drivers/STM32F4xx_HAL_Driver/Src/stm32f4xx_hal_tim_ex.o
LOAD Drivers/STM32F4xx_HAL_Driver/Src/stm32f4xx_ll_sdmmc.o
LOAD Drivers/STM32F4xx_HAL_Driver/Src/stm32f4xx_ll_usb.o
LOAD FATFS/App/fatfs.o
LOAD FATFS/Target/bsp_driver_sd.o
LOAD FATFS/Target/sd_diskio.o
LOAD Middlewares/ST/STM32_USB_Device_Library/Class/MSC/Src/usbd_msc.o
LOAD Middlewares/ST/STM32_USB_Device_Library/Class/MSC/Src/usbd_msc_bot.o
LOAD Middlewares/ST/STM32_USB_Device_Library/Class/MSC/Src/usbd_msc_data.o
LOAD Middlewares/ST/STM32_USB_Device_Library/Class/MSC/Src/usbd_msc_scsi.o
LOAD Middlewares/ST/STM32_USB_Device_Library/Core/Src/usbd_core.o
LOAD Middlewares/ST/STM32_USB_Device_Library/Core/Src/usbd_ctlreq.o
LOAD Middlewares/ST/STM32_USB_Device_Library/Core/Src/usbd_ioreq.o
LOAD Middlewares/Third_Party/FatFs/src/diskio.o
LOAD Middlewares/Third_Party/FatFs/src/ff.o
LOAD Middlewares/Third_Party/FatFs/src/ff_gen_drv.o
LOAD Middlewares/Third_Party/FatFs/src/option/ccsbcs.o
LOAD Middlewares/Third_Party/FatFs/src/option/syscall.o
LOAD USB_DEVICE/App/usb_device.o
LOAD USB_DEVICE/App/usbd_audio_if.o
LOAD USB_DEVICE/App/usbd_desc.o
LOAD USB_DEVICE/App/usbd_storage_if.o
LOAD USB_DEVICE/Target/usbd_conf.o
START GROUP
LOAD c:/st/stm32cubeide_1.3.0/stm32cubeide/plugins/com.st.stm32cube.ide.mcu.externaltools.gnu-tools-for-stm32.7-2018-q2-update.win32_1.0.0.201904181610/tools/bin/../lib/gcc/arm-none-eabi/7.3.1/../../../../arm-none-eabi/lib/thumb/v7e-m/fpv4-sp/hard\libc_nano.a
LOAD c:/st/stm32cubeide_1.3.0/stm32cubeide/plugins/com.st.stm32cube.ide.mcu.externaltools.gnu-tools-for-stm32.7-2018-q2-update.win32_1.0.0.201904181610/tools/bin/../lib/gcc/arm-none-eabi/7.3.1/../../../../arm-none-eabi/lib/thumb/v7e-m/fpv4-sp/hard\libm.a
END GROUP
START GROUP
LOAD c:/st/stm32cubeide_1.3.0/stm32cubeide/plugins/com.st.stm32cube.ide.mcu.externaltools.gnu-tools-for-stm32.7-2018-q2-update.win32_1.0.0.201904181610/tools/bin/../lib/gcc/arm-none-eabi/7.3.1/thumb/v7e-m/fpv4-sp/hard\libgcc.a
LOAD c:/st/stm32cubeide_1.3.0/stm32cubeide/plugins/com.st.stm32cube.ide.mcu.externaltools.gnu-tools-for-stm32.7-2018-q2-update.win32_1.0.0.201904181610/tools/bin/../lib/gcc/arm-none-eabi/7.3.1/../../../../arm-none-eabi/lib/thumb/v7e-m/fpv4-sp/hard\libc_nano.a
END GROUP
START GROUP
LOAD c:/st/stm32cubeide_1.3.0/stm32cubeide/plugins/com.st.stm32cube.ide.mcu.externaltools.gnu-tools-for-stm32.7-2018-q2-update.win32_1.0.0.201904181610/tools/bin/../lib/gcc/arm-none-eabi/7.3.1/thumb/v7e-m/fpv4-sp/hard\libgcc.a
LOAD c:/st/stm32cubeide_1.3.0/stm32cubeide/plugins/com.st.stm32cube.ide.mcu.externaltools.gnu-tools-for-stm32.7-2018-q2-update.win32_1.0.0.201904181610/tools/bin/../lib/gcc/arm-none-eabi/7.3.1/../../../../arm-none-eabi/lib/thumb/v7e-m/fpv4-sp/hard\libc_nano.a
LOAD c:/st/stm32cubeide_1.3.0/stm32cubeide/plugins/com.st.stm32cube.ide.mcu.externaltools.gnu-tools-for-stm32.7-2018-q2-update.win32_1.0.0.201904181610/tools/bin/../lib/gcc/arm-none-eabi/7.3.1/../../../../arm-none-eabi/lib/thumb/v7e-m/fpv4-sp/hard\libnosys.a
END GROUP
START GROUP
LOAD c:/st/stm32cubeide_1.3.0/stm32cubeide/plugins/com.st.stm32cube.ide.mcu.externaltools.gnu-tools-for-stm32.7-2018-q2-update.win32_1.0.0.201904181610/tools/bin/../lib/gcc/arm-none-eabi/7.3.1/thumb/v7e-m/fpv4-sp/hard\libgcc.a
LOAD c:/st/stm32cubeide_1.3.0/stm32cubeide/plugins/com.st.stm32cube.ide.mcu.externaltools.gnu-tools-for-stm32.7-2018-q2-update.win32_1.0.0.201904181610/tools/bin/../lib/gcc/arm-none-eabi/7.3.1/../../../../arm-none-eabi/lib/thumb/v7e-m/fpv4-sp/hard\libc_nano.a
LOAD c:/st/stm32cubeide_1.3.0/stm32cubeide/plugins/com.st.stm32cube.ide.mcu.externaltools.gnu-tools-for-stm32.7-2018-q2-update.win32_1.0.0.201904181610/tools/bin/../lib/gcc/arm-none-eabi/7.3.1/../../../../arm-none-eabi/lib/thumb/v7e-m/fpv4-sp/hard\libnosys.a
END GROUP
LOAD c:/st/stm32cubeide_1.3.0/stm32cubeide/plugins/com.st.stm32cube.ide.mcu.externaltools.gnu-tools-for-stm32.7-2018-q2-update.win32_1.0.0.201904181610/tools/bin/../lib/gcc/arm-none-eabi/7.3.1/thumb/v7e-m/fpv4-sp/hard/crtend.o
LOAD c:/st/stm32cubeide_1.3.0/stm32cubeide/plugins/com.st.stm32cube.ide.mcu.externaltools.gnu-tools-for-stm32.7-2018-q2-update.win32_1.0.0.201904181610/tools/bin/../lib/gcc/arm-none-eabi/7.3.1/thumb/v7e-m/fpv4-sp/hard/crtn.o
                0x0000000020020000                _estack = (ORIGIN (RAM) + LENGTH (RAM))
                0x0000000000001000                _Min_Heap_Size = 0x1000
                0x0000000000001000                _Min_Stack_Size = 0x1000

.isr_vector     0x0000000008000000      0x188
                0x0000000008000000                . = ALIGN (0x4)
 *(.isr_vector)
 .isr_vector    0x0000000008000000      0x188 Core/Startup/startup_stm32f407vgtx.o
                0x0000000008000000                g_pfnVectors
                0x0000000008000188                . = ALIGN (0x4)

.text           0x0000000008000188    0x10b60
                0x0000000008000188                . = ALIGN (0x4)
 *(.text)
 .text          0x0000000008000188       0x40 c:/st/stm32cubeide_1.3.0/stm32cubeide/plugins/com.st.stm32cube.ide.mcu.externaltools.gnu-tools-for-stm32.7-2018-q2-update.win32_1.0.0.201904181610/tools/bin/../lib/gcc/arm-none-eabi/7.3.1/thumb/v7e-m/fpv4-sp/hard/crtbegin.o
 .text          0x00000000080001c8       0x10 c:/st/stm32cubeide_1.3.0/stm32cubeide/plugins/com.st.stm32cube.ide.mcu.externaltools.gnu-tools-for-stm32.7-2018-q2-update.win32_1.0.0.201904181610/tools/bin/../lib/gcc/arm-none-eabi/7.3.1/../../../../arm-none-eabi/lib/thumb/v7e-m/fpv4-sp/hard\libc_nano.a(lib_a-strlen.o)
                0x00000000080001c8                strlen
 .text          0x00000000080001d8      0x378 c:/st/stm32cubeide_1.3.0/stm32cubeide/plugins/com.st.stm32cube.ide.mcu.externaltools.gnu-tools-for-stm32.7-2018-q2-update.win32_1.0.0.201904181610/tools/bin/../lib/gcc/arm-none-eabi/7.3.1/thumb/v7e-m/fpv4-sp/hard\libgcc.a(_arm_addsubdf3.o)
                0x00000000080001d8                __aeabi_drsub
                0x00000000080001e0                __aeabi_dsub
                0x00000000080001e0                __subdf3
                0x00000000080001e4                __aeabi_dadd
                0x00000000080001e4                __adddf3
                0x000000000800045c                __floatunsidf
                0x000000000800045c                __aeabi_ui2d
                0x000000000800047c                __floatsidf
                0x000000000800047c                __aeabi_i2d
                0x00000000080004a0                __aeabi_f2d
                0x00000000080004a0                __extendsfdf2
                0x00000000080004e4                __floatundidf
                0x00000000080004e4                __aeabi_ul2d
                0x00000000080004f4                __floatdidf
                0x00000000080004f4                __aeabi_l2d
 .text          0x0000000008000550      0x424 c:/st/stm32cubeide_1.3.0/stm32cubeide/plugins/com.st.stm32cube.ide.mcu.externaltools.gnu-tools-for-stm32.7-2018-q2-update.win32_1.0.0.201904181610/tools/bin/../lib/gcc/arm-none-eabi/7.3.1/thumb/v7e-m/fpv4-sp/hard\libgcc.a(_arm_muldivdf3.o)
                0x0000000008000550                __aeabi_dmul
                0x0000000008000550                __muldf3
                0x00000000080007a4                __divdf3
                0x00000000080007a4                __aeabi_ddiv
 .text          0x0000000008000974      0x110 c:/st/stm32cubeide_1.3.0/stm32cubeide/plugins/com.st.stm32cube.ide.mcu.externaltools.gnu-tools-for-stm32.7-2018-q2-update.win32_1.0.0.201904181610/tools/bin/../lib/gcc/arm-none-eabi/7.3.1/thumb/v7e-m/fpv4-sp/hard\libgcc.a(_arm_cmpdf2.o)
                0x0000000008000974                __gtdf2
                0x0000000008000974                __gedf2
                0x000000000800097c                __ltdf2
                0x000000000800097c                __ledf2
                0x0000000008000984                __nedf2
                0x0000000008000984                __eqdf2
                0x0000000008000984                __cmpdf2
                0x0000000008000a00                __aeabi_cdrcmple
                0x0000000008000a10                __aeabi_cdcmpeq
                0x0000000008000a10                __aeabi_cdcmple
                0x0000000008000a20                __aeabi_dcmpeq
                0x0000000008000a34                __aeabi_dcmplt
                0x0000000008000a48                __aeabi_dcmple
                0x0000000008000a5c                __aeabi_dcmpge
                0x0000000008000a70                __aeabi_dcmpgt
 .text          0x0000000008000a84       0x2c c:/st/stm32cubeide_1.3.0/stm32cubeide/plugins/com.st.stm32cube.ide.mcu.externaltools.gnu-tools-for-stm32.7-2018-q2-update.win32_1.0.0.201904181610/tools/bin/../lib/gcc/arm-none-eabi/7.3.1/thumb/v7e-m/fpv4-sp/hard\libgcc.a(_arm_unorddf2.o)
                0x0000000008000a84                __unorddf2
                0x0000000008000a84                __aeabi_dcmpun
 .text          0x0000000008000ab0       0x50 c:/st/stm32cubeide_1.3.0/stm32cubeide/plugins/com.st.stm32cube.ide.mcu.externaltools.gnu-tools-for-stm32.7-2018-q2-update.win32_1.0.0.201904181610/tools/bin/../lib/gcc/arm-none-eabi/7.3.1/thumb/v7e-m/fpv4-sp/hard\libgcc.a(_arm_fixdfsi.o)
                0x0000000008000ab0                __aeabi_d2iz
                0x0000000008000ab0                __fixdfsi
 .text          0x0000000008000b00       0x30 c:/st/stm32cubeide_1.3.0/stm32cubeide/plugins/com.st.stm32cube.ide.mcu.externaltools.gnu-tools-for-stm32.7-2018-q2-update.win32_1.0.0.201904181610/tools/bin/../lib/gcc/arm-none-eabi/7.3.1/thumb/v7e-m/fpv4-sp/hard\libgcc.a(_aeabi_uldivmod.o)
                0x0000000008000b00                __aeabi_uldivmod
 .text          0x0000000008000b30      0x2cc c:/st/stm32cubeide_1.3.0/stm32cubeide/plugins/com.st.stm32cube.ide.mcu.externaltools.gnu-tools-for-stm32.7-2018-q2-update.win32_1.0.0.201904181610/tools/bin/../lib/gcc/arm-none-eabi/7.3.1/thumb/v7e-m/fpv4-sp/hard\libgcc.a(_udivmoddi4.o)
                0x0000000008000b30                __udivmoddi4
 .text          0x0000000008000dfc        0x4 c:/st/stm32cubeide_1.3.0/stm32cubeide/plugins/com.st.stm32cube.ide.mcu.externaltools.gnu-tools-for-stm32.7-2018-q2-update.win32_1.0.0.201904181610/tools/bin/../lib/gcc/arm-none-eabi/7.3.1/thumb/v7e-m/fpv4-sp/hard\libgcc.a(_dvmd_tls.o)
                0x0000000008000dfc                __aeabi_idiv0
                0x0000000008000dfc                __aeabi_ldiv0
 *(.text*)
 .text.HAL_ADC_ConvCpltCallback
                0x0000000008000e00       0x20 Core/Src/main.o
                0x0000000008000e00                HAL_ADC_ConvCpltCallback
 .text.main     0x0000000008000e20      0x148 Core/Src/main.o
                0x0000000008000e20                main
 .text.SystemClock_Config
                0x0000000008000f68       0xd4 Core/Src/main.o
                0x0000000008000f68                SystemClock_Config
 .text.MX_ADC1_Init
                0x000000000800103c       0xa4 Core/Src/main.o
 .text.MX_SDIO_SD_Init
                0x00000000080010e0       0x40 Core/Src/main.o
 .text.MX_TIM3_Init
                0x0000000008001120       0x9c Core/Src/main.o
 .text.MX_DMA_Init
                0x00000000080011bc       0x60 Core/Src/main.o
 .text.MX_GPIO_Init
                0x000000000800121c       0xd8 Core/Src/main.o
 .text.Error_Handler
                0x00000000080012f4        0xe Core/Src/main.o
                0x00000000080012f4                Error_Handler
 *fill*         0x0000000008001302        0x2 
 .text.HAL_MspInit
                0x0000000008001304       0x50 Core/Src/stm32f4xx_hal_msp.o
                0x0000000008001304                HAL_MspInit
 .text.HAL_ADC_MspInit
                0x0000000008001354       0xf0 Core/Src/stm32f4xx_hal_msp.o
                0x0000000008001354                HAL_ADC_MspInit
 .text.HAL_SD_MspInit
                0x0000000008001444      0x1fc Core/Src/stm32f4xx_hal_msp.o
                0x0000000008001444                HAL_SD_MspInit
 .text.HAL_TIM_Base_MspInit
                0x0000000008001640       0x44 Core/Src/stm32f4xx_hal_msp.o
                0x0000000008001640                HAL_TIM_Base_MspInit
 .text.NMI_Handler
                0x0000000008001684        0xe Core/Src/stm32f4xx_it.o
                0x0000000008001684                NMI_Handler
 .text.HardFault_Handler
                0x0000000008001692        0x6 Core/Src/stm32f4xx_it.o
                0x0000000008001692                HardFault_Handler
 .text.MemManage_Handler
                0x0000000008001698        0x6 Core/Src/stm32f4xx_it.o
                0x0000000008001698                MemManage_Handler
 .text.BusFault_Handler
                0x000000000800169e        0x6 Core/Src/stm32f4xx_it.o
                0x000000000800169e                BusFault_Handler
 .text.UsageFault_Handler
                0x00000000080016a4        0x6 Core/Src/stm32f4xx_it.o
                0x00000000080016a4                UsageFault_Handler
 .text.SVC_Handler
                0x00000000080016aa        0xe Core/Src/stm32f4xx_it.o
                0x00000000080016aa                SVC_Handler
 .text.DebugMon_Handler
                0x00000000080016b8        0xe Core/Src/stm32f4xx_it.o
                0x00000000080016b8                DebugMon_Handler
 .text.PendSV_Handler
                0x00000000080016c6        0xe Core/Src/stm32f4xx_it.o
                0x00000000080016c6                PendSV_Handler
 .text.SysTick_Handler
                0x00000000080016d4        0xc Core/Src/stm32f4xx_it.o
                0x00000000080016d4                SysTick_Handler
 .text.SDIO_IRQHandler
                0x00000000080016e0       0x14 Core/Src/stm32f4xx_it.o
                0x00000000080016e0                SDIO_IRQHandler
 .text.DMA2_Stream0_IRQHandler
                0x00000000080016f4       0x14 Core/Src/stm32f4xx_it.o
                0x00000000080016f4                DMA2_Stream0_IRQHandler
 .text.DMA2_Stream3_IRQHandler
                0x0000000008001708       0x14 Core/Src/stm32f4xx_it.o
                0x0000000008001708                DMA2_Stream3_IRQHandler
 .text.OTG_FS_IRQHandler
                0x000000000800171c       0x14 Core/Src/stm32f4xx_it.o
                0x000000000800171c                OTG_FS_IRQHandler
 .text.DMA2_Stream6_IRQHandler
                0x0000000008001730       0x14 Core/Src/stm32f4xx_it.o
                0x0000000008001730                DMA2_Stream6_IRQHandler
 .text._sbrk    0x0000000008001744       0x58 Core/Src/sysmem.o
                0x0000000008001744                _sbrk
 .text.SystemInit
                0x000000000800179c       0x2c Core/Src/system_stm32f4xx.o
                0x000000000800179c                SystemInit
 .text.Reset_Handler
                0x00000000080017c8       0x50 Core/Startup/startup_stm32f407vgtx.o
                0x00000000080017c8                Reset_Handler
 .text.Default_Handler
                0x0000000008001818        0x2 Core/Startup/startup_stm32f407vgtx.o
                0x0000000008001818                RTC_Alarm_IRQHandler
                0x0000000008001818                HASH_RNG_IRQHandler
                0x0000000008001818                EXTI2_IRQHandler
                0x0000000008001818                TIM8_CC_IRQHandler
                0x0000000008001818                TIM1_CC_IRQHandler
                0x0000000008001818                DMA2_Stream5_IRQHandler
                0x0000000008001818                DMA1_Stream5_IRQHandler
                0x0000000008001818                PVD_IRQHandler
                0x0000000008001818                TAMP_STAMP_IRQHandler
                0x0000000008001818                CAN2_RX1_IRQHandler
                0x0000000008001818                EXTI3_IRQHandler
                0x0000000008001818                TIM8_TRG_COM_TIM14_IRQHandler
                0x0000000008001818                TIM1_UP_TIM10_IRQHandler
                0x0000000008001818                TIM8_UP_TIM13_IRQHandler
                0x0000000008001818                I2C3_ER_IRQHandler
                0x0000000008001818                EXTI0_IRQHandler
                0x0000000008001818                I2C2_EV_IRQHandler
                0x0000000008001818                DMA1_Stream2_IRQHandler
                0x0000000008001818                CAN1_RX0_IRQHandler
                0x0000000008001818                FPU_IRQHandler
                0x0000000008001818                OTG_HS_WKUP_IRQHandler
                0x0000000008001818                CAN2_SCE_IRQHandler
                0x0000000008001818                DMA2_Stream2_IRQHandler
                0x0000000008001818                SPI1_IRQHandler
                0x0000000008001818                TIM6_DAC_IRQHandler
                0x0000000008001818                TIM1_BRK_TIM9_IRQHandler
                0x0000000008001818                DCMI_IRQHandler
                0x0000000008001818                CAN2_RX0_IRQHandler
                0x0000000008001818                USART6_IRQHandler
                0x0000000008001818                USART3_IRQHandler
                0x0000000008001818                CAN1_RX1_IRQHandler
                0x0000000008001818                UART5_IRQHandler
                0x0000000008001818                TIM4_IRQHandler
                0x0000000008001818                I2C1_EV_IRQHandler
                0x0000000008001818                DMA1_Stream6_IRQHandler
                0x0000000008001818                DMA1_Stream1_IRQHandler
                0x0000000008001818                UART4_IRQHandler
                0x0000000008001818                TIM3_IRQHandler
                0x0000000008001818                RCC_IRQHandler
                0x0000000008001818                TIM8_BRK_TIM12_IRQHandler
                0x0000000008001818                Default_Handler
                0x0000000008001818                EXTI15_10_IRQHandler
                0x0000000008001818                ADC_IRQHandler
                0x0000000008001818                DMA1_Stream7_IRQHandler
                0x0000000008001818                TIM7_IRQHandler
                0x0000000008001818                CAN2_TX_IRQHandler
                0x0000000008001818                TIM5_IRQHandler
                0x0000000008001818                DMA2_Stream7_IRQHandler
                0x0000000008001818                I2C3_EV_IRQHandler
                0x0000000008001818                EXTI9_5_IRQHandler
                0x0000000008001818                RTC_WKUP_IRQHandler
                0x0000000008001818                ETH_WKUP_IRQHandler
                0x0000000008001818                SPI2_IRQHandler
                0x0000000008001818                OTG_HS_EP1_IN_IRQHandler
                0x0000000008001818                DMA1_Stream0_IRQHandler
                0x0000000008001818                CAN1_TX_IRQHandler
                0x0000000008001818                EXTI4_IRQHandler
                0x0000000008001818                FSMC_IRQHandler
                0x0000000008001818                ETH_IRQHandler
                0x0000000008001818                OTG_HS_EP1_OUT_IRQHandler
                0x0000000008001818                WWDG_IRQHandler
                0x0000000008001818                TIM2_IRQHandler
                0x0000000008001818                OTG_FS_WKUP_IRQHandler
                0x0000000008001818                TIM1_TRG_COM_TIM11_IRQHandler
                0x0000000008001818                OTG_HS_IRQHandler
                0x0000000008001818                EXTI1_IRQHandler
                0x0000000008001818                USART2_IRQHandler
                0x0000000008001818                I2C2_ER_IRQHandler
                0x0000000008001818                DMA2_Stream1_IRQHandler
                0x0000000008001818                CAN1_SCE_IRQHandler
                0x0000000008001818                FLASH_IRQHandler
                0x0000000008001818                DMA2_Stream4_IRQHandler
                0x0000000008001818                USART1_IRQHandler
                0x0000000008001818                SPI3_IRQHandler
                0x0000000008001818                DMA1_Stream4_IRQHandler
                0x0000000008001818                I2C1_ER_IRQHandler
                0x0000000008001818                DMA1_Stream3_IRQHandler
 *fill*         0x000000000800181a        0x2 
 .text.HAL_Init
                0x000000000800181c       0x44 Drivers/STM32F4xx_HAL_Driver/Src/stm32f4xx_hal.o
                0x000000000800181c                HAL_Init
 .text.HAL_InitTick
                0x0000000008001860       0x60 Drivers/STM32F4xx_HAL_Driver/Src/stm32f4xx_hal.o
                0x0000000008001860                HAL_InitTick
 .text.HAL_IncTick
                0x00000000080018c0       0x28 Drivers/STM32F4xx_HAL_Driver/Src/stm32f4xx_hal.o
                0x00000000080018c0                HAL_IncTick
 .text.HAL_GetTick
                0x00000000080018e8       0x18 Drivers/STM32F4xx_HAL_Driver/Src/stm32f4xx_hal.o
                0x00000000080018e8                HAL_GetTick
 .text.HAL_Delay
                0x0000000008001900       0x44 Drivers/STM32F4xx_HAL_Driver/Src/stm32f4xx_hal.o
                0x0000000008001900                HAL_Delay
 .text.HAL_ADC_Init
                0x0000000008001944       0x86 Drivers/STM32F4xx_HAL_Driver/Src/stm32f4xx_hal_adc.o
                0x0000000008001944                HAL_ADC_Init
 *fill*         0x00000000080019ca        0x2 
 .text.HAL_ADC_Start_DMA
                0x00000000080019cc      0x1e4 Drivers/STM32F4xx_HAL_Driver/Src/stm32f4xx_hal_adc.o
                0x00000000080019cc                HAL_ADC_Start_DMA
 .text.HAL_ADC_ConvHalfCpltCallback
                0x0000000008001bb0       0x14 Drivers/STM32F4xx_HAL_Driver/Src/stm32f4xx_hal_adc.o
                0x0000000008001bb0                HAL_ADC_ConvHalfCpltCallback
 .text.HAL_ADC_ErrorCallback
                0x0000000008001bc4       0x14 Drivers/STM32F4xx_HAL_Driver/Src/stm32f4xx_hal_adc.o
                0x0000000008001bc4                HAL_ADC_ErrorCallback
 .text.HAL_ADC_ConfigChannel
                0x0000000008001bd8      0x244 Drivers/STM32F4xx_HAL_Driver/Src/stm32f4xx_hal_adc.o
                0x0000000008001bd8                HAL_ADC_ConfigChannel
 .text.ADC_Init
                0x0000000008001e1c      0x1f8 Drivers/STM32F4xx_HAL_Driver/Src/stm32f4xx_hal_adc.o
 .text.ADC_DMAConvCplt
                0x0000000008002014       0xba Drivers/STM32F4xx_HAL_Driver/Src/stm32f4xx_hal_adc.o
 .text.ADC_DMAHalfConvCplt
                0x00000000080020ce       0x1c Drivers/STM32F4xx_HAL_Driver/Src/stm32f4xx_hal_adc.o
 .text.ADC_DMAError
                0x00000000080020ea       0x2e Drivers/STM32F4xx_HAL_Driver/Src/stm32f4xx_hal_adc.o
 .text.__NVIC_SetPriorityGrouping
                0x0000000008002118       0x48 Drivers/STM32F4xx_HAL_Driver/Src/stm32f4xx_hal_cortex.o
 .text.__NVIC_GetPriorityGrouping
                0x0000000008002160       0x1c Drivers/STM32F4xx_HAL_Driver/Src/stm32f4xx_hal_cortex.o
 .text.__NVIC_EnableIRQ
                0x000000000800217c       0x3c Drivers/STM32F4xx_HAL_Driver/Src/stm32f4xx_hal_cortex.o
 .text.__NVIC_SetPriority
                0x00000000080021b8       0x54 Drivers/STM32F4xx_HAL_Driver/Src/stm32f4xx_hal_cortex.o
 .text.NVIC_EncodePriority
                0x000000000800220c       0x66 Drivers/STM32F4xx_HAL_Driver/Src/stm32f4xx_hal_cortex.o
 *fill*         0x0000000008002272        0x2 
 .text.SysTick_Config
                0x0000000008002274       0x44 Drivers/STM32F4xx_HAL_Driver/Src/stm32f4xx_hal_cortex.o
 .text.HAL_NVIC_SetPriorityGrouping
                0x00000000080022b8       0x16 Drivers/STM32F4xx_HAL_Driver/Src/stm32f4xx_hal_cortex.o
                0x00000000080022b8                HAL_NVIC_SetPriorityGrouping
 .text.HAL_NVIC_SetPriority
                0x00000000080022ce       0x38 Drivers/STM32F4xx_HAL_Driver/Src/stm32f4xx_hal_cortex.o
                0x00000000080022ce                HAL_NVIC_SetPriority
 .text.HAL_NVIC_EnableIRQ
                0x0000000008002306       0x1c Drivers/STM32F4xx_HAL_Driver/Src/stm32f4xx_hal_cortex.o
                0x0000000008002306                HAL_NVIC_EnableIRQ
 .text.HAL_SYSTICK_Config
                0x0000000008002322       0x18 Drivers/STM32F4xx_HAL_Driver/Src/stm32f4xx_hal_cortex.o
                0x0000000008002322                HAL_SYSTICK_Config
 *fill*         0x000000000800233a        0x2 
 .text.HAL_DMA_Init
                0x000000000800233c      0x15c Drivers/STM32F4xx_HAL_Driver/Src/stm32f4xx_hal_dma.o
                0x000000000800233c                HAL_DMA_Init
 .text.HAL_DMA_Start_IT
                0x0000000008002498       0xb0 Drivers/STM32F4xx_HAL_Driver/Src/stm32f4xx_hal_dma.o
                0x0000000008002498                HAL_DMA_Start_IT
 .text.HAL_DMA_Abort_IT
                0x0000000008002548       0x44 Drivers/STM32F4xx_HAL_Driver/Src/stm32f4xx_hal_dma.o
                0x0000000008002548                HAL_DMA_Abort_IT
 .text.HAL_DMA_IRQHandler
                0x000000000800258c      0x314 Drivers/STM32F4xx_HAL_Driver/Src/stm32f4xx_hal_dma.o
                0x000000000800258c                HAL_DMA_IRQHandler
 .text.HAL_DMA_GetError
                0x00000000080028a0       0x18 Drivers/STM32F4xx_HAL_Driver/Src/stm32f4xx_hal_dma.o
                0x00000000080028a0                HAL_DMA_GetError
 .text.DMA_SetConfig
                0x00000000080028b8       0x5c Drivers/STM32F4xx_HAL_Driver/Src/stm32f4xx_hal_dma.o
 .text.DMA_CalcBaseAndBitshift
                0x0000000008002914       0x6c Drivers/STM32F4xx_HAL_Driver/Src/stm32f4xx_hal_dma.o
 .text.DMA_CheckFifoParam
                0x0000000008002980       0xf4 Drivers/STM32F4xx_HAL_Driver/Src/stm32f4xx_hal_dma.o
 .text.HAL_GPIO_Init
                0x0000000008002a74      0x334 Drivers/STM32F4xx_HAL_Driver/Src/stm32f4xx_hal_gpio.o
                0x0000000008002a74                HAL_GPIO_Init
 .text.HAL_GPIO_WritePin
                0x0000000008002da8       0x32 Drivers/STM32F4xx_HAL_Driver/Src/stm32f4xx_hal_gpio.o
                0x0000000008002da8                HAL_GPIO_WritePin
 .text.HAL_PCD_Init
                0x0000000008002dda      0x23a Drivers/STM32F4xx_HAL_Driver/Src/stm32f4xx_hal_pcd.o
                0x0000000008002dda                HAL_PCD_Init
 .text.HAL_PCD_Start
                0x0000000008003014       0x66 Drivers/STM32F4xx_HAL_Driver/Src/stm32f4xx_hal_pcd.o
                0x0000000008003014                HAL_PCD_Start
 .text.HAL_PCD_IRQHandler
                0x000000000800307a      0x764 Drivers/STM32F4xx_HAL_Driver/Src/stm32f4xx_hal_pcd.o
                0x000000000800307a                HAL_PCD_IRQHandler
 .text.HAL_PCD_SetAddress
                0x00000000080037de       0x4a Drivers/STM32F4xx_HAL_Driver/Src/stm32f4xx_hal_pcd.o
                0x00000000080037de                HAL_PCD_SetAddress
 .text.HAL_PCD_EP_Open
                0x0000000008003828       0xd0 Drivers/STM32F4xx_HAL_Driver/Src/stm32f4xx_hal_pcd.o
                0x0000000008003828                HAL_PCD_EP_Open
 .text.HAL_PCD_EP_Close
                0x00000000080038f8       0x94 Drivers/STM32F4xx_HAL_Driver/Src/stm32f4xx_hal_pcd.o
                0x00000000080038f8                HAL_PCD_EP_Close
 .text.HAL_PCD_EP_Receive
                0x000000000800398c       0x96 Drivers/STM32F4xx_HAL_Driver/Src/stm32f4xx_hal_pcd.o
                0x000000000800398c                HAL_PCD_EP_Receive
 .text.HAL_PCD_EP_GetRxCount
                0x0000000008003a22       0x30 Drivers/STM32F4xx_HAL_Driver/Src/stm32f4xx_hal_pcd.o
                0x0000000008003a22                HAL_PCD_EP_GetRxCount
 .text.HAL_PCD_EP_Transmit
                0x0000000008003a52       0x94 Drivers/STM32F4xx_HAL_Driver/Src/stm32f4xx_hal_pcd.o
                0x0000000008003a52                HAL_PCD_EP_Transmit
 .text.HAL_PCD_EP_SetStall
                0x0000000008003ae6       0xc8 Drivers/STM32F4xx_HAL_Driver/Src/stm32f4xx_hal_pcd.o
                0x0000000008003ae6                HAL_PCD_EP_SetStall
 .text.HAL_PCD_EP_ClrStall
                0x0000000008003bae       0xac Drivers/STM32F4xx_HAL_Driver/Src/stm32f4xx_hal_pcd.o
                0x0000000008003bae                HAL_PCD_EP_ClrStall
 .text.HAL_PCD_EP_Flush
                0x0000000008003c5a       0x5a Drivers/STM32F4xx_HAL_Driver/Src/stm32f4xx_hal_pcd.o
                0x0000000008003c5a                HAL_PCD_EP_Flush
 .text.PCD_WriteEmptyTxFifo
                0x0000000008003cb4      0x11a Drivers/STM32F4xx_HAL_Driver/Src/stm32f4xx_hal_pcd.o
 *fill*         0x0000000008003dce        0x2 
 .text.PCD_EP_OutXfrComplete_int
                0x0000000008003dd0      0x218 Drivers/STM32F4xx_HAL_Driver/Src/stm32f4xx_hal_pcd.o
 .text.PCD_EP_OutSetupPacket_int
                0x0000000008003fe8       0x8c Drivers/STM32F4xx_HAL_Driver/Src/stm32f4xx_hal_pcd.o
 .text.HAL_PCDEx_SetTxFiFo
                0x0000000008004074       0x8e Drivers/STM32F4xx_HAL_Driver/Src/stm32f4xx_hal_pcd_ex.o
                0x0000000008004074                HAL_PCDEx_SetTxFiFo
 .text.HAL_PCDEx_SetRxFiFo
                0x0000000008004102       0x22 Drivers/STM32F4xx_HAL_Driver/Src/stm32f4xx_hal_pcd_ex.o
                0x0000000008004102                HAL_PCDEx_SetRxFiFo
 .text.HAL_PCDEx_LPM_Callback
                0x0000000008004124       0x18 Drivers/STM32F4xx_HAL_Driver/Src/stm32f4xx_hal_pcd_ex.o
                0x0000000008004124                HAL_PCDEx_LPM_Callback
 .text.HAL_RCC_OscConfig
                0x000000000800413c      0x4e0 Drivers/STM32F4xx_HAL_Driver/Src/stm32f4xx_hal_rcc.o
                0x000000000800413c                HAL_RCC_OscConfig
 .text.HAL_RCC_ClockConfig
                0x000000000800461c      0x1cc Drivers/STM32F4xx_HAL_Driver/Src/stm32f4xx_hal_rcc.o
                0x000000000800461c                HAL_RCC_ClockConfig
 .text.HAL_RCC_GetSysClockFreq
                0x00000000080047e8      0x1b0 Drivers/STM32F4xx_HAL_Driver/Src/stm32f4xx_hal_rcc.o
                0x00000000080047e8                HAL_RCC_GetSysClockFreq
 .text.HAL_RCC_GetHCLKFreq
                0x0000000008004998       0x18 Drivers/STM32F4xx_HAL_Driver/Src/stm32f4xx_hal_rcc.o
                0x0000000008004998                HAL_RCC_GetHCLKFreq
 .text.HAL_SD_Init
                0x00000000080049b0       0x60 Drivers/STM32F4xx_HAL_Driver/Src/stm32f4xx_hal_sd.o
                0x00000000080049b0                HAL_SD_Init
 .text.HAL_SD_InitCard
                0x0000000008004a10       0xc0 Drivers/STM32F4xx_HAL_Driver/Src/stm32f4xx_hal_sd.o
                0x0000000008004a10                HAL_SD_InitCard
 .text.HAL_SD_ReadBlocks_DMA
                0x0000000008004ad0      0x1d4 Drivers/STM32F4xx_HAL_Driver/Src/stm32f4xx_hal_sd.o
                0x0000000008004ad0                HAL_SD_ReadBlocks_DMA
 .text.HAL_SD_WriteBlocks_DMA
                0x0000000008004ca4      0x1e0 Drivers/STM32F4xx_HAL_Driver/Src/stm32f4xx_hal_sd.o
                0x0000000008004ca4                HAL_SD_WriteBlocks_DMA
 .text.HAL_SD_IRQHandler
                0x0000000008004e84      0x30c Drivers/STM32F4xx_HAL_Driver/Src/stm32f4xx_hal_sd.o
                0x0000000008004e84                HAL_SD_IRQHandler
 .text.HAL_SD_ErrorCallback
                0x0000000008005190       0x14 Drivers/STM32F4xx_HAL_Driver/Src/stm32f4xx_hal_sd.o
                0x0000000008005190                HAL_SD_ErrorCallback
 .text.HAL_SD_GetCardCSD
                0x00000000080051a4      0x348 Drivers/STM32F4xx_HAL_Driver/Src/stm32f4xx_hal_sd.o
                0x00000000080051a4                HAL_SD_GetCardCSD
 .text.HAL_SD_GetCardInfo
                0x00000000080054ec       0x58 Drivers/STM32F4xx_HAL_Driver/Src/stm32f4xx_hal_sd.o
                0x00000000080054ec                HAL_SD_GetCardInfo
 .text.HAL_SD_ConfigWideBusOperation
                0x0000000008005544       0xf8 Drivers/STM32F4xx_HAL_Driver/Src/stm32f4xx_hal_sd.o
                0x0000000008005544                HAL_SD_ConfigWideBusOperation
 .text.HAL_SD_GetCardState
                0x000000000800563c       0x40 Drivers/STM32F4xx_HAL_Driver/Src/stm32f4xx_hal_sd.o
                0x000000000800563c                HAL_SD_GetCardState
 .text.SD_DMATransmitCplt
                0x000000000800567c       0x2a Drivers/STM32F4xx_HAL_Driver/Src/stm32f4xx_hal_sd.o
 .text.SD_DMAReceiveCplt
                0x00000000080056a6       0x70 Drivers/STM32F4xx_HAL_Driver/Src/stm32f4xx_hal_sd.o
 *fill*         0x0000000008005716        0x2 
 .text.SD_DMAError
                0x0000000008005718       0xa4 Drivers/STM32F4xx_HAL_Driver/Src/stm32f4xx_hal_sd.o
 .text.SD_DMATxAbort
                0x00000000080057bc       0x6e Drivers/STM32F4xx_HAL_Driver/Src/stm32f4xx_hal_sd.o
 .text.SD_DMARxAbort
                0x000000000800582a       0x6e Drivers/STM32F4xx_HAL_Driver/Src/stm32f4xx_hal_sd.o
 .text.SD_InitCard
                0x0000000008005898      0x19a Drivers/STM32F4xx_HAL_Driver/Src/stm32f4xx_hal_sd.o
 *fill*         0x0000000008005a32        0x2 
 .text.SD_PowerON
                0x0000000008005a34      0x11c Drivers/STM32F4xx_HAL_Driver/Src/stm32f4xx_hal_sd.o
 .text.SD_SendStatus
                0x0000000008005b50       0x50 Drivers/STM32F4xx_HAL_Driver/Src/stm32f4xx_hal_sd.o
 .text.SD_WideBus_Enable
                0x0000000008005ba0       0x96 Drivers/STM32F4xx_HAL_Driver/Src/stm32f4xx_hal_sd.o
 .text.SD_WideBus_Disable
                0x0000000008005c36       0x96 Drivers/STM32F4xx_HAL_Driver/Src/stm32f4xx_hal_sd.o
 .text.SD_FindSCR
                0x0000000008005ccc      0x194 Drivers/STM32F4xx_HAL_Driver/Src/stm32f4xx_hal_sd.o
 .text.SD_Read_IT
                0x0000000008005e60       0xa2 Drivers/STM32F4xx_HAL_Driver/Src/stm32f4xx_hal_sd.o
 .text.SD_Write_IT
                0x0000000008005f02       0xaa Drivers/STM32F4xx_HAL_Driver/Src/stm32f4xx_hal_sd.o
 .text.HAL_TIM_Base_Init
                0x0000000008005fac       0x56 Drivers/STM32F4xx_HAL_Driver/Src/stm32f4xx_hal_tim.o
                0x0000000008005fac                HAL_TIM_Base_Init
 .text.HAL_TIM_Base_Start
                0x0000000008006002       0x48 Drivers/STM32F4xx_HAL_Driver/Src/stm32f4xx_hal_tim.o
                0x0000000008006002                HAL_TIM_Base_Start
 .text.HAL_TIM_ConfigClockSource
                0x000000000800604a      0x16e Drivers/STM32F4xx_HAL_Driver/Src/stm32f4xx_hal_tim.o
                0x000000000800604a                HAL_TIM_ConfigClockSource
 .text.TIM_Base_SetConfig
                0x00000000080061b8      0x140 Drivers/STM32F4xx_HAL_Driver/Src/stm32f4xx_hal_tim.o
                0x00000000080061b8                TIM_Base_SetConfig
 .text.TIM_TI1_ConfigInputStage
                0x00000000080062f8       0x5e Drivers/STM32F4xx_HAL_Driver/Src/stm32f4xx_hal_tim.o
 .text.TIM_TI2_ConfigInputStage
                0x0000000008006356       0x60 Drivers/STM32F4xx_HAL_Driver/Src/stm32f4xx_hal_tim.o
 .text.TIM_ITRx_SetConfig
                0x00000000080063b6       0x36 Drivers/STM32F4xx_HAL_Driver/Src/stm32f4xx_hal_tim.o
 .text.TIM_ETR_SetConfig
                0x00000000080063ec       0x40 Drivers/STM32F4xx_HAL_Driver/Src/stm32f4xx_hal_tim.o
                0x00000000080063ec                TIM_ETR_SetConfig
 .text.HAL_TIMEx_MasterConfigSynchronization
                0x000000000800642c       0xf8 Drivers/STM32F4xx_HAL_Driver/Src/stm32f4xx_hal_tim_ex.o
                0x000000000800642c                HAL_TIMEx_MasterConfigSynchronization
 .text.SDIO_Init
                0x0000000008006524       0x56 Drivers/STM32F4xx_HAL_Driver/Src/stm32f4xx_ll_sdmmc.o
                0x0000000008006524                SDIO_Init
 .text.SDIO_ReadFIFO
                0x000000000800657a       0x1a Drivers/STM32F4xx_HAL_Driver/Src/stm32f4xx_ll_sdmmc.o
                0x000000000800657a                SDIO_ReadFIFO
 .text.SDIO_WriteFIFO
                0x0000000008006594       0x22 Drivers/STM32F4xx_HAL_Driver/Src/stm32f4xx_ll_sdmmc.o
                0x0000000008006594                SDIO_WriteFIFO
 .text.SDIO_PowerState_ON
                0x00000000080065b6       0x1e Drivers/STM32F4xx_HAL_Driver/Src/stm32f4xx_ll_sdmmc.o
                0x00000000080065b6                SDIO_PowerState_ON
 .text.SDIO_GetPowerState
                0x00000000080065d4       0x1c Drivers/STM32F4xx_HAL_Driver/Src/stm32f4xx_ll_sdmmc.o
                0x00000000080065d4                SDIO_GetPowerState
 .text.SDIO_SendCommand
                0x00000000080065f0       0x54 Drivers/STM32F4xx_HAL_Driver/Src/stm32f4xx_ll_sdmmc.o
                0x00000000080065f0                SDIO_SendCommand
 .text.SDIO_GetCommandResponse
                0x0000000008006644       0x1a Drivers/STM32F4xx_HAL_Driver/Src/stm32f4xx_ll_sdmmc.o
                0x0000000008006644                SDIO_GetCommandResponse
 .text.SDIO_GetResponse
                0x000000000800665e       0x26 Drivers/STM32F4xx_HAL_Driver/Src/stm32f4xx_ll_sdmmc.o
                0x000000000800665e                SDIO_GetResponse
 .text.SDIO_ConfigData
                0x0000000008006684       0x58 Drivers/STM32F4xx_HAL_Driver/Src/stm32f4xx_ll_sdmmc.o
                0x0000000008006684                SDIO_ConfigData
 .text.SDMMC_CmdBlockLength
                0x00000000080066dc       0x44 Drivers/STM32F4xx_HAL_Driver/Src/stm32f4xx_ll_sdmmc.o
                0x00000000080066dc                SDMMC_CmdBlockLength
 .text.SDMMC_CmdReadSingleBlock
                0x0000000008006720       0x44 Drivers/STM32F4xx_HAL_Driver/Src/stm32f4xx_ll_sdmmc.o
                0x0000000008006720                SDMMC_CmdReadSingleBlock
 .text.SDMMC_CmdReadMultiBlock
                0x0000000008006764       0x44 Drivers/STM32F4xx_HAL_Driver/Src/stm32f4xx_ll_sdmmc.o
                0x0000000008006764                SDMMC_CmdReadMultiBlock
 .text.SDMMC_CmdWriteSingleBlock
                0x00000000080067a8       0x44 Drivers/STM32F4xx_HAL_Driver/Src/stm32f4xx_ll_sdmmc.o
                0x00000000080067a8                SDMMC_CmdWriteSingleBlock
 .text.SDMMC_CmdWriteMultiBlock
                0x00000000080067ec       0x44 Drivers/STM32F4xx_HAL_Driver/Src/stm32f4xx_ll_sdmmc.o
                0x00000000080067ec                SDMMC_CmdWriteMultiBlock
 .text.SDMMC_CmdStopTransfer
                0x0000000008006830       0x44 Drivers/STM32F4xx_HAL_Driver/Src/stm32f4xx_ll_sdmmc.o
                0x0000000008006830                SDMMC_CmdStopTransfer
 .text.SDMMC_CmdSelDesel
                0x0000000008006874       0x46 Drivers/STM32F4xx_HAL_Driver/Src/stm32f4xx_ll_sdmmc.o
                0x0000000008006874                SDMMC_CmdSelDesel
 .text.SDMMC_CmdGoIdleState
                0x00000000080068ba       0x3c Drivers/STM32F4xx_HAL_Driver/Src/stm32f4xx_ll_sdmmc.o
                0x00000000080068ba                SDMMC_CmdGoIdleState
 .text.SDMMC_CmdOperCond
                0x00000000080068f6       0x3e Drivers/STM32F4xx_HAL_Driver/Src/stm32f4xx_ll_sdmmc.o
                0x00000000080068f6                SDMMC_CmdOperCond
 .text.SDMMC_CmdAppCommand
                0x0000000008006934       0x44 Drivers/STM32F4xx_HAL_Driver/Src/stm32f4xx_ll_sdmmc.o
                0x0000000008006934                SDMMC_CmdAppCommand
 .text.SDMMC_CmdAppOperCommand
                0x0000000008006978       0x46 Drivers/STM32F4xx_HAL_Driver/Src/stm32f4xx_ll_sdmmc.o
                0x0000000008006978                SDMMC_CmdAppOperCommand
 .text.SDMMC_CmdBusWidth
                0x00000000080069be       0x44 Drivers/STM32F4xx_HAL_Driver/Src/stm32f4xx_ll_sdmmc.o
                0x00000000080069be                SDMMC_CmdBusWidth
 .text.SDMMC_CmdSendSCR
                0x0000000008006a02       0x42 Drivers/STM32F4xx_HAL_Driver/Src/stm32f4xx_ll_sdmmc.o
                0x0000000008006a02                SDMMC_CmdSendSCR
 .text.SDMMC_CmdSendCID
                0x0000000008006a44       0x3c Drivers/STM32F4xx_HAL_Driver/Src/stm32f4xx_ll_sdmmc.o
                0x0000000008006a44                SDMMC_CmdSendCID
 .text.SDMMC_CmdSendCSD
                0x0000000008006a80       0x3e Drivers/STM32F4xx_HAL_Driver/Src/stm32f4xx_ll_sdmmc.o
                0x0000000008006a80                SDMMC_CmdSendCSD
 .text.SDMMC_CmdSetRelAdd
                0x0000000008006abe       0x42 Drivers/STM32F4xx_HAL_Driver/Src/stm32f4xx_ll_sdmmc.o
                0x0000000008006abe                SDMMC_CmdSetRelAdd
 .text.SDMMC_CmdSendStatus
                0x0000000008006b00       0x44 Drivers/STM32F4xx_HAL_Driver/Src/stm32f4xx_ll_sdmmc.o
                0x0000000008006b00                SDMMC_CmdSendStatus
 .text.SDMMC_GetCmdError
                0x0000000008006b44       0x50 Drivers/STM32F4xx_HAL_Driver/Src/stm32f4xx_ll_sdmmc.o
 .text.SDMMC_GetCmdResp1
                0x0000000008006b94      0x1d8 Drivers/STM32F4xx_HAL_Driver/Src/stm32f4xx_ll_sdmmc.o
 .text.SDMMC_GetCmdResp2
                0x0000000008006d6c       0x8c Drivers/STM32F4xx_HAL_Driver/Src/stm32f4xx_ll_sdmmc.o
 .text.SDMMC_GetCmdResp3
                0x0000000008006df8       0x74 Drivers/STM32F4xx_HAL_Driver/Src/stm32f4xx_ll_sdmmc.o
 .text.SDMMC_GetCmdResp6
                0x0000000008006e6c       0xe8 Drivers/STM32F4xx_HAL_Driver/Src/stm32f4xx_ll_sdmmc.o
 .text.SDMMC_GetCmdResp7
                0x0000000008006f54       0x98 Drivers/STM32F4xx_HAL_Driver/Src/stm32f4xx_ll_sdmmc.o
 .text.USB_CoreInit
                0x0000000008006fec       0xc2 Drivers/STM32F4xx_HAL_Driver/Src/stm32f4xx_ll_usb.o
                0x0000000008006fec                USB_CoreInit
 *fill*         0x00000000080070ae        0x2 
 .text.USB_SetTurnaroundTime
                0x00000000080070b0      0x144 Drivers/STM32F4xx_HAL_Driver/Src/stm32f4xx_ll_usb.o
                0x00000000080070b0                USB_SetTurnaroundTime
 .text.USB_EnableGlobalInt
                0x00000000080071f4       0x22 Drivers/STM32F4xx_HAL_Driver/Src/stm32f4xx_ll_usb.o
                0x00000000080071f4                USB_EnableGlobalInt
 .text.USB_DisableGlobalInt
                0x0000000008007216       0x22 Drivers/STM32F4xx_HAL_Driver/Src/stm32f4xx_ll_usb.o
                0x0000000008007216                USB_DisableGlobalInt
 .text.USB_SetCurrentMode
                0x0000000008007238       0x54 Drivers/STM32F4xx_HAL_Driver/Src/stm32f4xx_ll_usb.o
                0x0000000008007238                USB_SetCurrentMode
 .text.USB_DevInit
                0x000000000800728c      0x2c8 Drivers/STM32F4xx_HAL_Driver/Src/stm32f4xx_ll_usb.o
                0x000000000800728c                USB_DevInit
 .text.USB_FlushTxFifo
                0x0000000008007554       0x4c Drivers/STM32F4xx_HAL_Driver/Src/stm32f4xx_ll_usb.o
                0x0000000008007554                USB_FlushTxFifo
 .text.USB_FlushRxFifo
                0x00000000080075a0       0x44 Drivers/STM32F4xx_HAL_Driver/Src/stm32f4xx_ll_usb.o
                0x00000000080075a0                USB_FlushRxFifo
 .text.USB_SetDevSpeed
                0x00000000080075e4       0x32 Drivers/STM32F4xx_HAL_Driver/Src/stm32f4xx_ll_usb.o
                0x00000000080075e4                USB_SetDevSpeed
 .text.USB_GetDevSpeed
                0x0000000008007616       0x4a Drivers/STM32F4xx_HAL_Driver/Src/stm32f4xx_ll_usb.o
                0x0000000008007616                USB_GetDevSpeed
 .text.USB_ActivateEndpoint
                0x0000000008007660      0x10e Drivers/STM32F4xx_HAL_Driver/Src/stm32f4xx_ll_usb.o
                0x0000000008007660                USB_ActivateEndpoint
 *fill*         0x000000000800776e        0x2 
 .text.USB_DeactivateEndpoint
                0x0000000008007770      0x1b8 Drivers/STM32F4xx_HAL_Driver/Src/stm32f4xx_ll_usb.o
                0x0000000008007770                USB_DeactivateEndpoint
 .text.USB_EPStartXfer
                0x0000000008007928      0x488 Drivers/STM32F4xx_HAL_Driver/Src/stm32f4xx_ll_usb.o
                0x0000000008007928                USB_EPStartXfer
 .text.USB_EP0StartXfer
                0x0000000008007db0      0x2a6 Drivers/STM32F4xx_HAL_Driver/Src/stm32f4xx_ll_usb.o
                0x0000000008007db0                USB_EP0StartXfer
 .text.USB_WritePacket
                0x0000000008008056       0x6a Drivers/STM32F4xx_HAL_Driver/Src/stm32f4xx_ll_usb.o
                0x0000000008008056                USB_WritePacket
 .text.USB_ReadPacket
                0x00000000080080c0       0x52 Drivers/STM32F4xx_HAL_Driver/Src/stm32f4xx_ll_usb.o
                0x00000000080080c0                USB_ReadPacket
 .text.USB_EPSetStall
                0x0000000008008112       0xdc Drivers/STM32F4xx_HAL_Driver/Src/stm32f4xx_ll_usb.o
                0x0000000008008112                USB_EPSetStall
 .text.USB_EPClearStall
                0x00000000080081ee       0xcc Drivers/STM32F4xx_HAL_Driver/Src/stm32f4xx_ll_usb.o
                0x00000000080081ee                USB_EPClearStall
 .text.USB_SetDevAddress
                0x00000000080082ba       0x4c Drivers/STM32F4xx_HAL_Driver/Src/stm32f4xx_ll_usb.o
                0x00000000080082ba                USB_SetDevAddress
 .text.USB_DevConnect
                0x0000000008008306       0x42 Drivers/STM32F4xx_HAL_Driver/Src/stm32f4xx_ll_usb.o
                0x0000000008008306                USB_DevConnect
 .text.USB_DevDisconnect
                0x0000000008008348       0x42 Drivers/STM32F4xx_HAL_Driver/Src/stm32f4xx_ll_usb.o
                0x0000000008008348                USB_DevDisconnect
 .text.USB_ReadInterrupts
                0x000000000800838a       0x26 Drivers/STM32F4xx_HAL_Driver/Src/stm32f4xx_ll_usb.o
                0x000000000800838a                USB_ReadInterrupts
 .text.USB_ReadDevAllOutEpInterrupt
                0x00000000080083b0       0x34 Drivers/STM32F4xx_HAL_Driver/Src/stm32f4xx_ll_usb.o
                0x00000000080083b0                USB_ReadDevAllOutEpInterrupt
 .text.USB_ReadDevAllInEpInterrupt
                0x00000000080083e4       0x34 Drivers/STM32F4xx_HAL_Driver/Src/stm32f4xx_ll_usb.o
                0x00000000080083e4                USB_ReadDevAllInEpInterrupt
 .text.USB_ReadDevOutEPInterrupt
                0x0000000008008418       0x3c Drivers/STM32F4xx_HAL_Driver/Src/stm32f4xx_ll_usb.o
                0x0000000008008418                USB_ReadDevOutEPInterrupt
 .text.USB_ReadDevInEPInterrupt
                0x0000000008008454       0x5c Drivers/STM32F4xx_HAL_Driver/Src/stm32f4xx_ll_usb.o
                0x0000000008008454                USB_ReadDevInEPInterrupt
 .text.USB_GetMode
                0x00000000080084b0       0x1c Drivers/STM32F4xx_HAL_Driver/Src/stm32f4xx_ll_usb.o
                0x00000000080084b0                USB_GetMode
 .text.USB_ActivateSetup
                0x00000000080084cc       0x46 Drivers/STM32F4xx_HAL_Driver/Src/stm32f4xx_ll_usb.o
                0x00000000080084cc                USB_ActivateSetup
 *fill*         0x0000000008008512        0x2 
 .text.USB_EP0_OutStart
                0x0000000008008514       0xbc Drivers/STM32F4xx_HAL_Driver/Src/stm32f4xx_ll_usb.o
                0x0000000008008514                USB_EP0_OutStart
 .text.USB_CoreReset
                0x00000000080085d0       0x68 Drivers/STM32F4xx_HAL_Driver/Src/stm32f4xx_ll_usb.o
 .text.MX_FATFS_Init
                0x0000000008008638       0x24 FATFS/App/fatfs.o
                0x0000000008008638                MX_FATFS_Init
 .text.get_fattime
                0x000000000800865c       0x10 FATFS/App/fatfs.o
                0x000000000800865c                get_fattime
 .text.BSP_SD_Init
                0x000000000800866c       0x4c FATFS/Target/bsp_driver_sd.o
                0x000000000800866c                BSP_SD_Init
 .text.BSP_SD_ReadBlocks_DMA
                0x00000000080086b8       0x34 FATFS/Target/bsp_driver_sd.o
                0x00000000080086b8                BSP_SD_ReadBlocks_DMA
 .text.BSP_SD_WriteBlocks_DMA
                0x00000000080086ec       0x34 FATFS/Target/bsp_driver_sd.o
                0x00000000080086ec                BSP_SD_WriteBlocks_DMA
 .text.BSP_SD_GetCardState
                0x0000000008008720       0x20 FATFS/Target/bsp_driver_sd.o
                0x0000000008008720                BSP_SD_GetCardState
 .text.BSP_SD_GetCardInfo
                0x0000000008008740       0x1c FATFS/Target/bsp_driver_sd.o
                0x0000000008008740                BSP_SD_GetCardInfo
 .text.HAL_SD_AbortCallback
                0x000000000800875c       0x14 FATFS/Target/bsp_driver_sd.o
                0x000000000800875c                HAL_SD_AbortCallback
 .text.HAL_SD_TxCpltCallback
                0x0000000008008770       0x14 FATFS/Target/bsp_driver_sd.o
                0x0000000008008770                HAL_SD_TxCpltCallback
 .text.HAL_SD_RxCpltCallback
                0x0000000008008784       0x14 FATFS/Target/bsp_driver_sd.o
                0x0000000008008784                HAL_SD_RxCpltCallback
 .text.BSP_SD_AbortCallback
                0x0000000008008798        0xe FATFS/Target/bsp_driver_sd.o
                0x0000000008008798                BSP_SD_AbortCallback
 .text.BSP_SD_IsDetected
                0x00000000080087a6       0x1a FATFS/Target/bsp_driver_sd.o
                0x00000000080087a6                BSP_SD_IsDetected
 .text.SD_CheckStatusWithTimeout
                0x00000000080087c0       0x3a FATFS/Target/sd_diskio.o
 *fill*         0x00000000080087fa        0x2 
 .text.SD_CheckStatus
                0x00000000080087fc       0x3c FATFS/Target/sd_diskio.o
 .text.SD_initialize
                0x0000000008008838       0x38 FATFS/Target/sd_diskio.o
                0x0000000008008838                SD_initialize
 .text.SD_status
                0x0000000008008870       0x1c FATFS/Target/sd_diskio.o
                0x0000000008008870                SD_status
 .text.SD_read  0x000000000800888c       0xac FATFS/Target/sd_diskio.o
                0x000000000800888c                SD_read
 .text.SD_write
                0x0000000008008938       0xac FATFS/Target/sd_diskio.o
                0x0000000008008938                SD_write
 .text.SD_ioctl
                0x00000000080089e4       0xb0 FATFS/Target/sd_diskio.o
                0x00000000080089e4                SD_ioctl
 .text.BSP_SD_WriteCpltCallback
                0x0000000008008a94       0x18 FATFS/Target/sd_diskio.o
                0x0000000008008a94                BSP_SD_WriteCpltCallback
 .text.BSP_SD_ReadCpltCallback
                0x0000000008008aac       0x18 FATFS/Target/sd_diskio.o
                0x0000000008008aac                BSP_SD_ReadCpltCallback
 .text.USBD_MSC_Init
                0x0000000008008ac4       0x9c Middlewares/ST/STM32_USB_Device_Library/Class/MSC/Src/usbd_msc.o
                0x0000000008008ac4                USBD_MSC_Init
 .text.USBD_MSC_DeInit
                0x0000000008008b60       0x58 Middlewares/ST/STM32_USB_Device_Library/Class/MSC/Src/usbd_msc.o
                0x0000000008008b60                USBD_MSC_DeInit
 .text.USBD_MSC_Setup
                0x0000000008008bb8      0x1d0 Middlewares/ST/STM32_USB_Device_Library/Class/MSC/Src/usbd_msc.o
                0x0000000008008bb8                USBD_MSC_Setup
 .text.USBD_MSC_DataIn
                0x0000000008008d88       0x20 Middlewares/ST/STM32_USB_Device_Library/Class/MSC/Src/usbd_msc.o
                0x0000000008008d88                USBD_MSC_DataIn
 .text.USBD_MSC_DataOut
                0x0000000008008da8       0x20 Middlewares/ST/STM32_USB_Device_Library/Class/MSC/Src/usbd_msc.o
                0x0000000008008da8                USBD_MSC_DataOut
 .text.USBD_MSC_GetHSCfgDesc
                0x0000000008008dc8       0x20 Middlewares/ST/STM32_USB_Device_Library/Class/MSC/Src/usbd_msc.o
                0x0000000008008dc8                USBD_MSC_GetHSCfgDesc
 .text.USBD_MSC_GetFSCfgDesc
                0x0000000008008de8       0x20 Middlewares/ST/STM32_USB_Device_Library/Class/MSC/Src/usbd_msc.o
                0x0000000008008de8                USBD_MSC_GetFSCfgDesc
 .text.USBD_MSC_GetOtherSpeedCfgDesc
                0x0000000008008e08       0x20 Middlewares/ST/STM32_USB_Device_Library/Class/MSC/Src/usbd_msc.o
                0x0000000008008e08                USBD_MSC_GetOtherSpeedCfgDesc
 .text.USBD_MSC_GetDeviceQualifierDescriptor
                0x0000000008008e28       0x20 Middlewares/ST/STM32_USB_Device_Library/Class/MSC/Src/usbd_msc.o
                0x0000000008008e28                USBD_MSC_GetDeviceQualifierDescriptor
 .text.USBD_MSC_RegisterStorage
                0x0000000008008e48       0x2a Middlewares/ST/STM32_USB_Device_Library/Class/MSC/Src/usbd_msc.o
                0x0000000008008e48                USBD_MSC_RegisterStorage
 .text.MSC_BOT_Init
                0x0000000008008e72       0x68 Middlewares/ST/STM32_USB_Device_Library/Class/MSC/Src/usbd_msc_bot.o
                0x0000000008008e72                MSC_BOT_Init
 .text.MSC_BOT_Reset
                0x0000000008008eda       0x44 Middlewares/ST/STM32_USB_Device_Library/Class/MSC/Src/usbd_msc_bot.o
                0x0000000008008eda                MSC_BOT_Reset
 .text.MSC_BOT_DeInit
                0x0000000008008f1e       0x22 Middlewares/ST/STM32_USB_Device_Library/Class/MSC/Src/usbd_msc_bot.o
                0x0000000008008f1e                MSC_BOT_DeInit
 .text.MSC_BOT_DataIn
                0x0000000008008f40       0x62 Middlewares/ST/STM32_USB_Device_Library/Class/MSC/Src/usbd_msc_bot.o
                0x0000000008008f40                MSC_BOT_DataIn
 .text.MSC_BOT_DataOut
                0x0000000008008fa2       0x56 Middlewares/ST/STM32_USB_Device_Library/Class/MSC/Src/usbd_msc_bot.o
                0x0000000008008fa2                MSC_BOT_DataOut
 .text.MSC_BOT_CBW_Decode
                0x0000000008008ff8      0x10c Middlewares/ST/STM32_USB_Device_Library/Class/MSC/Src/usbd_msc_bot.o
 .text.MSC_BOT_SendData
                0x0000000008009104       0x56 Middlewares/ST/STM32_USB_Device_Library/Class/MSC/Src/usbd_msc_bot.o
 *fill*         0x000000000800915a        0x2 
 .text.MSC_BOT_SendCSW
                0x000000000800915c       0x58 Middlewares/ST/STM32_USB_Device_Library/Class/MSC/Src/usbd_msc_bot.o
                0x000000000800915c                MSC_BOT_SendCSW
 .text.MSC_BOT_Abort
                0x00000000080091b4       0x5c Middlewares/ST/STM32_USB_Device_Library/Class/MSC/Src/usbd_msc_bot.o
 .text.MSC_BOT_CplClrFeature
                0x0000000008009210       0x50 Middlewares/ST/STM32_USB_Device_Library/Class/MSC/Src/usbd_msc_bot.o
                0x0000000008009210                MSC_BOT_CplClrFeature
 .text.SCSI_ProcessCmd
                0x0000000008009260      0x19e Middlewares/ST/STM32_USB_Device_Library/Class/MSC/Src/usbd_msc_scsi.o
                0x0000000008009260                SCSI_ProcessCmd
 .text.SCSI_TestUnitReady
                0x00000000080093fe       0x94 Middlewares/ST/STM32_USB_Device_Library/Class/MSC/Src/usbd_msc_scsi.o
 *fill*         0x0000000008009492        0x2 
 .text.SCSI_Inquiry
                0x0000000008009494       0xdc Middlewares/ST/STM32_USB_Device_Library/Class/MSC/Src/usbd_msc_scsi.o
 .text.SCSI_ReadCapacity10
                0x0000000008009570       0xde Middlewares/ST/STM32_USB_Device_Library/Class/MSC/Src/usbd_msc_scsi.o
 .text.SCSI_ReadCapacity16
                0x000000000800964e      0x148 Middlewares/ST/STM32_USB_Device_Library/Class/MSC/Src/usbd_msc_scsi.o
 .text.SCSI_ReadFormatCapacity
                0x0000000008009796       0xd8 Middlewares/ST/STM32_USB_Device_Library/Class/MSC/Src/usbd_msc_scsi.o
 *fill*         0x000000000800986e        0x2 
 .text.SCSI_ModeSense6
                0x0000000008009870       0x4c Middlewares/ST/STM32_USB_Device_Library/Class/MSC/Src/usbd_msc_scsi.o
 .text.SCSI_ModeSense10
                0x00000000080098bc       0x4c Middlewares/ST/STM32_USB_Device_Library/Class/MSC/Src/usbd_msc_scsi.o
 .text.SCSI_RequestSense
                0x0000000008009908       0xf2 Middlewares/ST/STM32_USB_Device_Library/Class/MSC/Src/usbd_msc_scsi.o
 .text.SCSI_SenseCode
                0x00000000080099fa       0x86 Middlewares/ST/STM32_USB_Device_Library/Class/MSC/Src/usbd_msc_scsi.o
                0x00000000080099fa                SCSI_SenseCode
 .text.SCSI_StartStopUnit
                0x0000000008009a80       0x96 Middlewares/ST/STM32_USB_Device_Library/Class/MSC/Src/usbd_msc_scsi.o
 .text.SCSI_AllowPreventRemovable
                0x0000000008009b16       0x46 Middlewares/ST/STM32_USB_Device_Library/Class/MSC/Src/usbd_msc_scsi.o
 .text.SCSI_Read10
                0x0000000008009b5c      0x134 Middlewares/ST/STM32_USB_Device_Library/Class/MSC/Src/usbd_msc_scsi.o
 .text.SCSI_Read12
                0x0000000008009c90      0x14a Middlewares/ST/STM32_USB_Device_Library/Class/MSC/Src/usbd_msc_scsi.o
 .text.SCSI_Write10
                0x0000000008009dda      0x17e Middlewares/ST/STM32_USB_Device_Library/Class/MSC/Src/usbd_msc_scsi.o
 .text.SCSI_Write12
                0x0000000008009f58      0x19e Middlewares/ST/STM32_USB_Device_Library/Class/MSC/Src/usbd_msc_scsi.o
 .text.SCSI_Verify10
                0x000000000800a0f6       0x66 Middlewares/ST/STM32_USB_Device_Library/Class/MSC/Src/usbd_msc_scsi.o
 .text.SCSI_CheckAddressRange
                0x000000000800a15c       0x44 Middlewares/ST/STM32_USB_Device_Library/Class/MSC/Src/usbd_msc_scsi.o
 .text.SCSI_ProcessRead
                0x000000000800a1a0       0xe6 Middlewares/ST/STM32_USB_Device_Library/Class/MSC/Src/usbd_msc_scsi.o
 .text.SCSI_ProcessWrite
                0x000000000800a286      0x106 Middlewares/ST/STM32_USB_Device_Library/Class/MSC/Src/usbd_msc_scsi.o
 .text.SCSI_UpdateBotData
                0x000000000800a38c       0x46 Middlewares/ST/STM32_USB_Device_Library/Class/MSC/Src/usbd_msc_scsi.o
 .text.USBD_Init
                0x000000000800a3d2       0x6c Middlewares/ST/STM32_USB_Device_Library/Core/Src/usbd_core.o
                0x000000000800a3d2                USBD_Init
 .text.USBD_RegisterClass
                0x000000000800a43e       0x42 Middlewares/ST/STM32_USB_Device_Library/Core/Src/usbd_core.o
                0x000000000800a43e                USBD_RegisterClass
 .text.USBD_Start
                0x000000000800a480       0x18 Middlewares/ST/STM32_USB_Device_Library/Core/Src/usbd_core.o
                0x000000000800a480                USBD_Start
 .text.USBD_RunTestMode
                0x000000000800a498       0x16 Middlewares/ST/STM32_USB_Device_Library/Core/Src/usbd_core.o
                0x000000000800a498                USBD_RunTestMode
 .text.USBD_SetClassConfig
                0x000000000800a4ae       0x38 Middlewares/ST/STM32_USB_Device_Library/Core/Src/usbd_core.o
                0x000000000800a4ae                USBD_SetClassConfig
 .text.USBD_ClrClassConfig
                0x000000000800a4e6       0x30 Middlewares/ST/STM32_USB_Device_Library/Core/Src/usbd_core.o
                0x000000000800a4e6                USBD_ClrClassConfig
 .text.USBD_LL_SetupStage
                0x000000000800a516       0xa6 Middlewares/ST/STM32_USB_Device_Library/Core/Src/usbd_core.o
                0x000000000800a516                USBD_LL_SetupStage
 .text.USBD_LL_DataOutStage
                0x000000000800a5bc       0xc6 Middlewares/ST/STM32_USB_Device_Library/Core/Src/usbd_core.o
                0x000000000800a5bc                USBD_LL_DataOutStage
 .text.USBD_LL_DataInStage
                0x000000000800a682      0x12c Middlewares/ST/STM32_USB_Device_Library/Core/Src/usbd_core.o
                0x000000000800a682                USBD_LL_DataInStage
 .text.USBD_LL_Reset
                0x000000000800a7ae       0x82 Middlewares/ST/STM32_USB_Device_Library/Core/Src/usbd_core.o
                0x000000000800a7ae                USBD_LL_Reset
 .text.USBD_LL_SetSpeed
                0x000000000800a830       0x20 Middlewares/ST/STM32_USB_Device_Library/Core/Src/usbd_core.o
                0x000000000800a830                USBD_LL_SetSpeed
 .text.USBD_LL_Suspend
                0x000000000800a850       0x2a Middlewares/ST/STM32_USB_Device_Library/Core/Src/usbd_core.o
                0x000000000800a850                USBD_LL_Suspend
 .text.USBD_LL_Resume
                0x000000000800a87a       0x2c Middlewares/ST/STM32_USB_Device_Library/Core/Src/usbd_core.o
                0x000000000800a87a                USBD_LL_Resume
 .text.USBD_LL_SOF
                0x000000000800a8a6       0x34 Middlewares/ST/STM32_USB_Device_Library/Core/Src/usbd_core.o
                0x000000000800a8a6                USBD_LL_SOF
 .text.USBD_LL_IsoINIncomplete
                0x000000000800a8da       0x1a Middlewares/ST/STM32_USB_Device_Library/Core/Src/usbd_core.o
                0x000000000800a8da                USBD_LL_IsoINIncomplete
 .text.USBD_LL_IsoOUTIncomplete
                0x000000000800a8f4       0x1a Middlewares/ST/STM32_USB_Device_Library/Core/Src/usbd_core.o
                0x000000000800a8f4                USBD_LL_IsoOUTIncomplete
 .text.USBD_LL_DevConnected
                0x000000000800a90e       0x16 Middlewares/ST/STM32_USB_Device_Library/Core/Src/usbd_core.o
                0x000000000800a90e                USBD_LL_DevConnected
 .text.USBD_LL_DevDisconnected
                0x000000000800a924       0x38 Middlewares/ST/STM32_USB_Device_Library/Core/Src/usbd_core.o
                0x000000000800a924                USBD_LL_DevDisconnected
 .text.SWAPBYTE
                0x000000000800a95c       0x3c Middlewares/ST/STM32_USB_Device_Library/Core/Src/usbd_ctlreq.o
 .text.USBD_StdDevReq
                0x000000000800a998       0xdc Middlewares/ST/STM32_USB_Device_Library/Core/Src/usbd_ctlreq.o
                0x000000000800a998                USBD_StdDevReq
 .text.USBD_StdItfReq
                0x000000000800aa74       0x8c Middlewares/ST/STM32_USB_Device_Library/Core/Src/usbd_ctlreq.o
                0x000000000800aa74                USBD_StdItfReq
 .text.USBD_StdEPReq
                0x000000000800ab00      0x2aa Middlewares/ST/STM32_USB_Device_Library/Core/Src/usbd_ctlreq.o
                0x000000000800ab00                USBD_StdEPReq
 *fill*         0x000000000800adaa        0x2 
 .text.USBD_GetDescriptor
                0x000000000800adac      0x2d4 Middlewares/ST/STM32_USB_Device_Library/Core/Src/usbd_ctlreq.o
 .text.USBD_SetAddress
                0x000000000800b080       0x84 Middlewares/ST/STM32_USB_Device_Library/Core/Src/usbd_ctlreq.o
 .text.USBD_SetConfig
                0x000000000800b104      0x148 Middlewares/ST/STM32_USB_Device_Library/Core/Src/usbd_ctlreq.o
 .text.USBD_GetConfig
                0x000000000800b24c       0x68 Middlewares/ST/STM32_USB_Device_Library/Core/Src/usbd_ctlreq.o
 .text.USBD_GetStatus
                0x000000000800b2b4       0x66 Middlewares/ST/STM32_USB_Device_Library/Core/Src/usbd_ctlreq.o
 .text.USBD_SetFeature
                0x000000000800b31a       0x28 Middlewares/ST/STM32_USB_Device_Library/Core/Src/usbd_ctlreq.o
 .text.USBD_ClrFeature
                0x000000000800b342       0x42 Middlewares/ST/STM32_USB_Device_Library/Core/Src/usbd_ctlreq.o
 .text.USBD_ParseSetupRequest
                0x000000000800b384       0x74 Middlewares/ST/STM32_USB_Device_Library/Core/Src/usbd_ctlreq.o
                0x000000000800b384                USBD_ParseSetupRequest
 .text.USBD_CtlError
                0x000000000800b3f8       0x22 Middlewares/ST/STM32_USB_Device_Library/Core/Src/usbd_ctlreq.o
                0x000000000800b3f8                USBD_CtlError
 .text.USBD_GetString
                0x000000000800b41a       0x8c Middlewares/ST/STM32_USB_Device_Library/Core/Src/usbd_ctlreq.o
                0x000000000800b41a                USBD_GetString
 .text.USBD_GetLen
                0x000000000800b4a6       0x34 Middlewares/ST/STM32_USB_Device_Library/Core/Src/usbd_ctlreq.o
 .text.USBD_CtlSendData
                0x000000000800b4da       0x36 Middlewares/ST/STM32_USB_Device_Library/Core/Src/usbd_ioreq.o
                0x000000000800b4da                USBD_CtlSendData
 .text.USBD_CtlContinueSendData
                0x000000000800b510       0x22 Middlewares/ST/STM32_USB_Device_Library/Core/Src/usbd_ioreq.o
                0x000000000800b510                USBD_CtlContinueSendData
 .text.USBD_CtlContinueRx
                0x000000000800b532       0x22 Middlewares/ST/STM32_USB_Device_Library/Core/Src/usbd_ioreq.o
                0x000000000800b532                USBD_CtlContinueRx
 .text.USBD_CtlSendStatus
                0x000000000800b554       0x26 Middlewares/ST/STM32_USB_Device_Library/Core/Src/usbd_ioreq.o
                0x000000000800b554                USBD_CtlSendStatus
 .text.USBD_CtlReceiveStatus
                0x000000000800b57a       0x26 Middlewares/ST/STM32_USB_Device_Library/Core/Src/usbd_ioreq.o
                0x000000000800b57a                USBD_CtlReceiveStatus
 .text.disk_status
                0x000000000800b5a0       0x34 Middlewares/Third_Party/FatFs/src/diskio.o
                0x000000000800b5a0                disk_status
 .text.disk_initialize
                0x000000000800b5d4       0x4c Middlewares/Third_Party/FatFs/src/diskio.o
                0x000000000800b5d4                disk_initialize
 .text.disk_read
                0x000000000800b620       0x40 Middlewares/Third_Party/FatFs/src/diskio.o
                0x000000000800b620                disk_read
 .text.disk_write
                0x000000000800b660       0x40 Middlewares/Third_Party/FatFs/src/diskio.o
                0x000000000800b660                disk_write
 .text.disk_ioctl
                0x000000000800b6a0       0x3c Middlewares/Third_Party/FatFs/src/diskio.o
                0x000000000800b6a0                disk_ioctl
 .text.ld_word  0x000000000800b6dc       0x30 Middlewares/Third_Party/FatFs/src/ff.o
 .text.ld_dword
                0x000000000800b70c       0x46 Middlewares/Third_Party/FatFs/src/ff.o
 .text.st_word  0x000000000800b752       0x36 Middlewares/Third_Party/FatFs/src/ff.o
 .text.st_dword
                0x000000000800b788       0x58 Middlewares/Third_Party/FatFs/src/ff.o
 .text.mem_cpy  0x000000000800b7e0       0x42 Middlewares/Third_Party/FatFs/src/ff.o
 .text.mem_set  0x000000000800b822       0x34 Middlewares/Third_Party/FatFs/src/ff.o
 .text.mem_cmp  0x000000000800b856       0x4e Middlewares/Third_Party/FatFs/src/ff.o
 .text.chk_chr  0x000000000800b8a4       0x36 Middlewares/Third_Party/FatFs/src/ff.o
 *fill*         0x000000000800b8da        0x2 
 .text.chk_lock
                0x000000000800b8dc       0xb8 Middlewares/Third_Party/FatFs/src/ff.o
 .text.enq_lock
                0x000000000800b994       0x44 Middlewares/Third_Party/FatFs/src/ff.o
 .text.inc_lock
                0x000000000800b9d8      0x11c Middlewares/Third_Party/FatFs/src/ff.o
 .text.dec_lock
                0x000000000800baf4       0x78 Middlewares/Third_Party/FatFs/src/ff.o
 .text.clear_lock
                0x000000000800bb6c       0x48 Middlewares/Third_Party/FatFs/src/ff.o
 .text.sync_window
                0x000000000800bbb4       0x88 Middlewares/Third_Party/FatFs/src/ff.o
 .text.move_window
                0x000000000800bc3c       0x5a Middlewares/Third_Party/FatFs/src/ff.o
 *fill*         0x000000000800bc96        0x2 
 .text.sync_fs  0x000000000800bc98       0xdc Middlewares/Third_Party/FatFs/src/ff.o
 .text.clust2sect
                0x000000000800bd74       0x3e Middlewares/Third_Party/FatFs/src/ff.o
 .text.get_fat  0x000000000800bdb2      0x14a Middlewares/Third_Party/FatFs/src/ff.o
 .text.put_fat  0x000000000800befc      0x1ce Middlewares/Third_Party/FatFs/src/ff.o
 .text.remove_chain
                0x000000000800c0ca       0xca Middlewares/Third_Party/FatFs/src/ff.o
 .text.create_chain
                0x000000000800c194      0x130 Middlewares/Third_Party/FatFs/src/ff.o
 .text.clmt_clust
                0x000000000800c2c4       0x68 Middlewares/Third_Party/FatFs/src/ff.o
 .text.dir_sdi  0x000000000800c32c       0xf6 Middlewares/Third_Party/FatFs/src/ff.o
 .text.dir_next
                0x000000000800c422      0x18a Middlewares/Third_Party/FatFs/src/ff.o
 .text.dir_alloc
                0x000000000800c5ac       0x8e Middlewares/Third_Party/FatFs/src/ff.o
 .text.ld_clust
                0x000000000800c63a       0x3e Middlewares/Third_Party/FatFs/src/ff.o
 .text.st_clust
                0x000000000800c678       0x40 Middlewares/Third_Party/FatFs/src/ff.o
 .text.cmp_lfn  0x000000000800c6b8       0xe0 Middlewares/Third_Party/FatFs/src/ff.o
 .text.put_lfn  0x000000000800c798       0xd0 Middlewares/Third_Party/FatFs/src/ff.o
 .text.gen_numname
                0x000000000800c868      0x11e Middlewares/Third_Party/FatFs/src/ff.o
 .text.sum_sfn  0x000000000800c986       0x42 Middlewares/Third_Party/FatFs/src/ff.o
 .text.dir_find
                0x000000000800c9c8      0x180 Middlewares/Third_Party/FatFs/src/ff.o
 .text.dir_register
                0x000000000800cb48      0x1f0 Middlewares/Third_Party/FatFs/src/ff.o
 .text.create_name
                0x000000000800cd38      0x370 Middlewares/Third_Party/FatFs/src/ff.o
 .text.follow_path
                0x000000000800d0a8       0xe2 Middlewares/Third_Party/FatFs/src/ff.o
 .text.get_ldnumber
                0x000000000800d18a       0x88 Middlewares/Third_Party/FatFs/src/ff.o
 *fill*         0x000000000800d212        0x2 
 .text.check_fs
                0x000000000800d214       0xac Middlewares/Third_Party/FatFs/src/ff.o
 .text.find_volume
                0x000000000800d2c0      0x498 Middlewares/Third_Party/FatFs/src/ff.o
 .text.validate
                0x000000000800d758       0x6a Middlewares/Third_Party/FatFs/src/ff.o
 *fill*         0x000000000800d7c2        0x2 
 .text.f_mount  0x000000000800d7c4       0x8c Middlewares/Third_Party/FatFs/src/ff.o
                0x000000000800d7c4                f_mount
 .text.f_open   0x000000000800d850      0x39c Middlewares/Third_Party/FatFs/src/ff.o
                0x000000000800d850                f_open
 .text.f_write  0x000000000800dbec      0x2ea Middlewares/Third_Party/FatFs/src/ff.o
                0x000000000800dbec                f_write
 .text.f_sync   0x000000000800ded6       0xfc Middlewares/Third_Party/FatFs/src/ff.o
                0x000000000800ded6                f_sync
 .text.f_close  0x000000000800dfd2       0x54 Middlewares/Third_Party/FatFs/src/ff.o
                0x000000000800dfd2                f_close
 .text.putc_bfd
                0x000000000800e026       0x7a Middlewares/Third_Party/FatFs/src/ff.o
 .text.putc_flush
                0x000000000800e0a0       0x4c Middlewares/Third_Party/FatFs/src/ff.o
 .text.putc_init
                0x000000000800e0ec       0x2a Middlewares/Third_Party/FatFs/src/ff.o
 *fill*         0x000000000800e116        0x2 
 .text.f_printf
                0x000000000800e118      0x440 Middlewares/Third_Party/FatFs/src/ff.o
                0x000000000800e118                f_printf
 .text.FATFS_LinkDriverEx
                0x000000000800e558       0x98 Middlewares/Third_Party/FatFs/src/ff_gen_drv.o
                0x000000000800e558                FATFS_LinkDriverEx
 .text.FATFS_LinkDriver
                0x000000000800e5f0       0x1e Middlewares/Third_Party/FatFs/src/ff_gen_drv.o
                0x000000000800e5f0                FATFS_LinkDriver
 *fill*         0x000000000800e60e        0x2 
 .text.ff_convert
                0x000000000800e610       0x78 Middlewares/Third_Party/FatFs/src/option/ccsbcs.o
                0x000000000800e610                ff_convert
 .text.ff_wtoupper
                0x000000000800e688      0x114 Middlewares/Third_Party/FatFs/src/option/ccsbcs.o
                0x000000000800e688                ff_wtoupper
 .text.ff_memalloc
                0x000000000800e79c       0x18 Middlewares/Third_Party/FatFs/src/option/syscall.o
                0x000000000800e79c                ff_memalloc
 .text.ff_memfree
                0x000000000800e7b4       0x16 Middlewares/Third_Party/FatFs/src/option/syscall.o
                0x000000000800e7b4                ff_memfree
 *fill*         0x000000000800e7ca        0x2 
 .text.MX_USB_DEVICE_Init
                0x000000000800e7cc       0x60 USB_DEVICE/App/usb_device.o
                0x000000000800e7cc                MX_USB_DEVICE_Init
 .text.USBD_FS_DeviceDescriptor
                0x000000000800e82c       0x24 USB_DEVICE/App/usbd_desc.o
                0x000000000800e82c                USBD_FS_DeviceDescriptor
 .text.USBD_FS_LangIDStrDescriptor
                0x000000000800e850       0x24 USB_DEVICE/App/usbd_desc.o
                0x000000000800e850                USBD_FS_LangIDStrDescriptor
 .text.USBD_FS_ProductStrDescriptor
                0x000000000800e874       0x3c USB_DEVICE/App/usbd_desc.o
                0x000000000800e874                USBD_FS_ProductStrDescriptor
 .text.USBD_FS_ManufacturerStrDescriptor
                0x000000000800e8b0       0x28 USB_DEVICE/App/usbd_desc.o
                0x000000000800e8b0                USBD_FS_ManufacturerStrDescriptor
 .text.USBD_FS_SerialStrDescriptor
                0x000000000800e8d8       0x24 USB_DEVICE/App/usbd_desc.o
                0x000000000800e8d8                USBD_FS_SerialStrDescriptor
 .text.USBD_FS_ConfigStrDescriptor
                0x000000000800e8fc       0x3c USB_DEVICE/App/usbd_desc.o
                0x000000000800e8fc                USBD_FS_ConfigStrDescriptor
 .text.USBD_FS_InterfaceStrDescriptor
                0x000000000800e938       0x3c USB_DEVICE/App/usbd_desc.o
                0x000000000800e938                USBD_FS_InterfaceStrDescriptor
 .text.Get_SerialNum
                0x000000000800e974       0x58 USB_DEVICE/App/usbd_desc.o
 .text.IntToUnicode
                0x000000000800e9cc       0x7c USB_DEVICE/App/usbd_desc.o
 .text.STORAGE_Init_FS
                0x000000000800ea48       0x18 USB_DEVICE/App/usbd_storage_if.o
 .text.STORAGE_GetCapacity_FS
                0x000000000800ea60       0x34 USB_DEVICE/App/usbd_storage_if.o
 .text.STORAGE_IsReady_FS
                0x000000000800ea94       0x18 USB_DEVICE/App/usbd_storage_if.o
 .text.STORAGE_IsWriteProtected_FS
                0x000000000800eaac       0x18 USB_DEVICE/App/usbd_storage_if.o
 .text.STORAGE_Read_FS
                0x000000000800eac4       0x34 USB_DEVICE/App/usbd_storage_if.o
 .text.STORAGE_Write_FS
                0x000000000800eaf8       0x34 USB_DEVICE/App/usbd_storage_if.o
 .text.STORAGE_GetMaxLun_FS
                0x000000000800eb2c       0x10 USB_DEVICE/App/usbd_storage_if.o
 .text.HAL_PCD_MspInit
                0x000000000800eb3c       0xa8 USB_DEVICE/Target/usbd_conf.o
                0x000000000800eb3c                HAL_PCD_MspInit
 .text.HAL_PCD_SetupStageCallback
                0x000000000800ebe4       0x24 USB_DEVICE/Target/usbd_conf.o
                0x000000000800ebe4                HAL_PCD_SetupStageCallback
 .text.HAL_PCD_DataOutStageCallback
                0x000000000800ec08       0x36 USB_DEVICE/Target/usbd_conf.o
                0x000000000800ec08                HAL_PCD_DataOutStageCallback
 .text.HAL_PCD_DataInStageCallback
                0x000000000800ec3e       0x34 USB_DEVICE/Target/usbd_conf.o
                0x000000000800ec3e                HAL_PCD_DataInStageCallback
 .text.HAL_PCD_SOFCallback
                0x000000000800ec72       0x1c USB_DEVICE/Target/usbd_conf.o
                0x000000000800ec72                HAL_PCD_SOFCallback
 .text.HAL_PCD_ResetCallback
                0x000000000800ec8e       0x50 USB_DEVICE/Target/usbd_conf.o
                0x000000000800ec8e                HAL_PCD_ResetCallback
 *fill*         0x000000000800ecde        0x2 
 .text.HAL_PCD_SuspendCallback
                0x000000000800ece0       0x4c USB_DEVICE/Target/usbd_conf.o
                0x000000000800ece0                HAL_PCD_SuspendCallback
 .text.HAL_PCD_ResumeCallback
                0x000000000800ed2c       0x1c USB_DEVICE/Target/usbd_conf.o
                0x000000000800ed2c                HAL_PCD_ResumeCallback
 .text.HAL_PCD_ISOOUTIncompleteCallback
                0x000000000800ed48       0x24 USB_DEVICE/Target/usbd_conf.o
                0x000000000800ed48                HAL_PCD_ISOOUTIncompleteCallback
 .text.HAL_PCD_ISOINIncompleteCallback
                0x000000000800ed6c       0x24 USB_DEVICE/Target/usbd_conf.o
                0x000000000800ed6c                HAL_PCD_ISOINIncompleteCallback
 .text.HAL_PCD_ConnectCallback
                0x000000000800ed90       0x1c USB_DEVICE/Target/usbd_conf.o
                0x000000000800ed90                HAL_PCD_ConnectCallback
 .text.HAL_PCD_DisconnectCallback
                0x000000000800edac       0x1c USB_DEVICE/Target/usbd_conf.o
                0x000000000800edac                HAL_PCD_DisconnectCallback
 .text.USBD_LL_Init
                0x000000000800edc8       0x98 USB_DEVICE/Target/usbd_conf.o
                0x000000000800edc8                USBD_LL_Init
 .text.USBD_LL_Start
                0x000000000800ee60       0x36 USB_DEVICE/Target/usbd_conf.o
                0x000000000800ee60                USBD_LL_Start
 .text.USBD_LL_OpenEP
                0x000000000800ee96       0x4c USB_DEVICE/Target/usbd_conf.o
                0x000000000800ee96                USBD_LL_OpenEP
 .text.USBD_LL_CloseEP
                0x000000000800eee2       0x3e USB_DEVICE/Target/usbd_conf.o
                0x000000000800eee2                USBD_LL_CloseEP
 .text.USBD_LL_FlushEP
                0x000000000800ef20       0x3e USB_DEVICE/Target/usbd_conf.o
                0x000000000800ef20                USBD_LL_FlushEP
 .text.USBD_LL_StallEP
                0x000000000800ef5e       0x3e USB_DEVICE/Target/usbd_conf.o
                0x000000000800ef5e                USBD_LL_StallEP
 .text.USBD_LL_ClearStallEP
                0x000000000800ef9c       0x3e USB_DEVICE/Target/usbd_conf.o
                0x000000000800ef9c                USBD_LL_ClearStallEP
 .text.USBD_LL_IsStallEP
                0x000000000800efda       0x58 USB_DEVICE/Target/usbd_conf.o
                0x000000000800efda                USBD_LL_IsStallEP
 .text.USBD_LL_SetUSBAddress
                0x000000000800f032       0x3e USB_DEVICE/Target/usbd_conf.o
                0x000000000800f032                USBD_LL_SetUSBAddress
 .text.USBD_LL_Transmit
                0x000000000800f070       0x42 USB_DEVICE/Target/usbd_conf.o
                0x000000000800f070                USBD_LL_Transmit
 .text.USBD_LL_PrepareReceive
                0x000000000800f0b2       0x42 USB_DEVICE/Target/usbd_conf.o
                0x000000000800f0b2                USBD_LL_PrepareReceive
 .text.USBD_LL_GetRxDataSize
                0x000000000800f0f4       0x26 USB_DEVICE/Target/usbd_conf.o
                0x000000000800f0f4                USBD_LL_GetRxDataSize
 *fill*         0x000000000800f11a        0x2 
 .text.USBD_Get_USB_Status
                0x000000000800f11c       0x58 USB_DEVICE/Target/usbd_conf.o
                0x000000000800f11c                USBD_Get_USB_Status
 .text.__errno  0x000000000800f174        0xc c:/st/stm32cubeide_1.3.0/stm32cubeide/plugins/com.st.stm32cube.ide.mcu.externaltools.gnu-tools-for-stm32.7-2018-q2-update.win32_1.0.0.201904181610/tools/bin/../lib/gcc/arm-none-eabi/7.3.1/../../../../arm-none-eabi/lib/thumb/v7e-m/fpv4-sp/hard\libc_nano.a(lib_a-errno.o)
                0x000000000800f174                __errno
 .text.__libc_init_array
                0x000000000800f180       0x48 c:/st/stm32cubeide_1.3.0/stm32cubeide/plugins/com.st.stm32cube.ide.mcu.externaltools.gnu-tools-for-stm32.7-2018-q2-update.win32_1.0.0.201904181610/tools/bin/../lib/gcc/arm-none-eabi/7.3.1/../../../../arm-none-eabi/lib/thumb/v7e-m/fpv4-sp/hard\libc_nano.a(lib_a-init.o)
                0x000000000800f180                __libc_init_array
 .text.malloc   0x000000000800f1c8       0x10 c:/st/stm32cubeide_1.3.0/stm32cubeide/plugins/com.st.stm32cube.ide.mcu.externaltools.gnu-tools-for-stm32.7-2018-q2-update.win32_1.0.0.201904181610/tools/bin/../lib/gcc/arm-none-eabi/7.3.1/../../../../arm-none-eabi/lib/thumb/v7e-m/fpv4-sp/hard\libc_nano.a(lib_a-malloc.o)
                0x000000000800f1c8                malloc
 .text.free     0x000000000800f1d8       0x10 c:/st/stm32cubeide_1.3.0/stm32cubeide/plugins/com.st.stm32cube.ide.mcu.externaltools.gnu-tools-for-stm32.7-2018-q2-update.win32_1.0.0.201904181610/tools/bin/../lib/gcc/arm-none-eabi/7.3.1/../../../../arm-none-eabi/lib/thumb/v7e-m/fpv4-sp/hard\libc_nano.a(lib_a-malloc.o)
                0x000000000800f1d8                free
 .text.memset   0x000000000800f1e8       0x10 c:/st/stm32cubeide_1.3.0/stm32cubeide/plugins/com.st.stm32cube.ide.mcu.externaltools.gnu-tools-for-stm32.7-2018-q2-update.win32_1.0.0.201904181610/tools/bin/../lib/gcc/arm-none-eabi/7.3.1/../../../../arm-none-eabi/lib/thumb/v7e-m/fpv4-sp/hard\libc_nano.a(lib_a-memset.o)
                0x000000000800f1e8                memset
 .text._free_r  0x000000000800f1f8       0x9c c:/st/stm32cubeide_1.3.0/stm32cubeide/plugins/com.st.stm32cube.ide.mcu.externaltools.gnu-tools-for-stm32.7-2018-q2-update.win32_1.0.0.201904181610/tools/bin/../lib/gcc/arm-none-eabi/7.3.1/../../../../arm-none-eabi/lib/thumb/v7e-m/fpv4-sp/hard\libc_nano.a(lib_a-nano-freer.o)
                0x000000000800f1f8                _free_r
 .text._malloc_r
                0x000000000800f294       0xb4 c:/st/stm32cubeide_1.3.0/stm32cubeide/plugins/com.st.stm32cube.ide.mcu.externaltools.gnu-tools-for-stm32.7-2018-q2-update.win32_1.0.0.201904181610/tools/bin/../lib/gcc/arm-none-eabi/7.3.1/../../../../arm-none-eabi/lib/thumb/v7e-m/fpv4-sp/hard\libc_nano.a(lib_a-nano-mallocr.o)
                0x000000000800f294                _malloc_r
 .text.__cvt    0x000000000800f348       0xc2 c:/st/stm32cubeide_1.3.0/stm32cubeide/plugins/com.st.stm32cube.ide.mcu.externaltools.gnu-tools-for-stm32.7-2018-q2-update.win32_1.0.0.201904181610/tools/bin/../lib/gcc/arm-none-eabi/7.3.1/../../../../arm-none-eabi/lib/thumb/v7e-m/fpv4-sp/hard\libc_nano.a(lib_a-nano-vfprintf_float.o)
                0x000000000800f348                __cvt
 .text.__exponent
                0x000000000800f40a       0x66 c:/st/stm32cubeide_1.3.0/stm32cubeide/plugins/com.st.stm32cube.ide.mcu.externaltools.gnu-tools-for-stm32.7-2018-q2-update.win32_1.0.0.201904181610/tools/bin/../lib/gcc/arm-none-eabi/7.3.1/../../../../arm-none-eabi/lib/thumb/v7e-m/fpv4-sp/hard\libc_nano.a(lib_a-nano-vfprintf_float.o)
                0x000000000800f40a                __exponent
 .text._printf_float
                0x000000000800f470      0x480 c:/st/stm32cubeide_1.3.0/stm32cubeide/plugins/com.st.stm32cube.ide.mcu.externaltools.gnu-tools-for-stm32.7-2018-q2-update.win32_1.0.0.201904181610/tools/bin/../lib/gcc/arm-none-eabi/7.3.1/../../../../arm-none-eabi/lib/thumb/v7e-m/fpv4-sp/hard\libc_nano.a(lib_a-nano-vfprintf_float.o)
                0x000000000800f470                _printf_float
 .text._printf_common
                0x000000000800f8f0       0xea c:/st/stm32cubeide_1.3.0/stm32cubeide/plugins/com.st.stm32cube.ide.mcu.externaltools.gnu-tools-for-stm32.7-2018-q2-update.win32_1.0.0.201904181610/tools/bin/../lib/gcc/arm-none-eabi/7.3.1/../../../../arm-none-eabi/lib/thumb/v7e-m/fpv4-sp/hard\libc_nano.a(lib_a-nano-vfprintf_i.o)
                0x000000000800f8f0                _printf_common
 *fill*         0x000000000800f9da        0x2 
 .text._sbrk_r  0x000000000800f9dc       0x20 c:/st/stm32cubeide_1.3.0/stm32cubeide/plugins/com.st.stm32cube.ide.mcu.externaltools.gnu-tools-for-stm32.7-2018-q2-update.win32_1.0.0.201904181610/tools/bin/../lib/gcc/arm-none-eabi/7.3.1/../../../../arm-none-eabi/lib/thumb/v7e-m/fpv4-sp/hard\libc_nano.a(lib_a-sbrkr.o)
                0x000000000800f9dc                _sbrk_r
 .text.quorem   0x000000000800f9fc      0x118 c:/st/stm32cubeide_1.3.0/stm32cubeide/plugins/com.st.stm32cube.ide.mcu.externaltools.gnu-tools-for-stm32.7-2018-q2-update.win32_1.0.0.201904181610/tools/bin/../lib/gcc/arm-none-eabi/7.3.1/../../../../arm-none-eabi/lib/thumb/v7e-m/fpv4-sp/hard\libc_nano.a(lib_a-dtoa.o)
 *fill*         0x000000000800fb14        0x4 
 .text._dtoa_r  0x000000000800fb18      0xb70 c:/st/stm32cubeide_1.3.0/stm32cubeide/plugins/com.st.stm32cube.ide.mcu.externaltools.gnu-tools-for-stm32.7-2018-q2-update.win32_1.0.0.201904181610/tools/bin/../lib/gcc/arm-none-eabi/7.3.1/../../../../arm-none-eabi/lib/thumb/v7e-m/fpv4-sp/hard\libc_nano.a(lib_a-dtoa.o)
                0x000000000800fb18                _dtoa_r
 .text._localeconv_r
                0x0000000008010688       0x1c c:/st/stm32cubeide_1.3.0/stm32cubeide/plugins/com.st.stm32cube.ide.mcu.externaltools.gnu-tools-for-stm32.7-2018-q2-update.win32_1.0.0.201904181610/tools/bin/../lib/gcc/arm-none-eabi/7.3.1/../../../../arm-none-eabi/lib/thumb/v7e-m/fpv4-sp/hard\libc_nano.a(lib_a-localeconv.o)
                0x0000000008010688                _localeconv_r
 .text.memcpy   0x00000000080106a4       0x16 c:/st/stm32cubeide_1.3.0/stm32cubeide/plugins/com.st.stm32cube.ide.mcu.externaltools.gnu-tools-for-stm32.7-2018-q2-update.win32_1.0.0.201904181610/tools/bin/../lib/gcc/arm-none-eabi/7.3.1/../../../../arm-none-eabi/lib/thumb/v7e-m/fpv4-sp/hard\libc_nano.a(lib_a-memcpy-stub.o)
                0x00000000080106a4                memcpy
 .text.__malloc_lock
                0x00000000080106ba        0x2 c:/st/stm32cubeide_1.3.0/stm32cubeide/plugins/com.st.stm32cube.ide.mcu.externaltools.gnu-tools-for-stm32.7-2018-q2-update.win32_1.0.0.201904181610/tools/bin/../lib/gcc/arm-none-eabi/7.3.1/../../../../arm-none-eabi/lib/thumb/v7e-m/fpv4-sp/hard\libc_nano.a(lib_a-mlock.o)
                0x00000000080106ba                __malloc_lock
 .text.__malloc_unlock
                0x00000000080106bc        0x2 c:/st/stm32cubeide_1.3.0/stm32cubeide/plugins/com.st.stm32cube.ide.mcu.externaltools.gnu-tools-for-stm32.7-2018-q2-update.win32_1.0.0.201904181610/tools/bin/../lib/gcc/arm-none-eabi/7.3.1/../../../../arm-none-eabi/lib/thumb/v7e-m/fpv4-sp/hard\libc_nano.a(lib_a-mlock.o)
                0x00000000080106bc                __malloc_unlock
 .text._Balloc  0x00000000080106be       0x68 c:/st/stm32cubeide_1.3.0/stm32cubeide/plugins/com.st.stm32cube.ide.mcu.externaltools.gnu-tools-for-stm32.7-2018-q2-update.win32_1.0.0.201904181610/tools/bin/../lib/gcc/arm-none-eabi/7.3.1/../../../../arm-none-eabi/lib/thumb/v7e-m/fpv4-sp/hard\libc_nano.a(lib_a-mprec.o)
                0x00000000080106be                _Balloc
 .text._Bfree   0x0000000008010726       0x2e c:/st/stm32cubeide_1.3.0/stm32cubeide/plugins/com.st.stm32cube.ide.mcu.externaltools.gnu-tools-for-stm32.7-2018-q2-update.win32_1.0.0.201904181610/tools/bin/../lib/gcc/arm-none-eabi/7.3.1/../../../../arm-none-eabi/lib/thumb/v7e-m/fpv4-sp/hard\libc_nano.a(lib_a-mprec.o)
                0x0000000008010726                _Bfree
 .text.__multadd
                0x0000000008010754       0x76 c:/st/stm32cubeide_1.3.0/stm32cubeide/plugins/com.st.stm32cube.ide.mcu.externaltools.gnu-tools-for-stm32.7-2018-q2-update.win32_1.0.0.201904181610/tools/bin/../lib/gcc/arm-none-eabi/7.3.1/../../../../arm-none-eabi/lib/thumb/v7e-m/fpv4-sp/hard\libc_nano.a(lib_a-mprec.o)
                0x0000000008010754                __multadd
 .text.__hi0bits
                0x00000000080107ca       0x3e c:/st/stm32cubeide_1.3.0/stm32cubeide/plugins/com.st.stm32cube.ide.mcu.externaltools.gnu-tools-for-stm32.7-2018-q2-update.win32_1.0.0.201904181610/tools/bin/../lib/gcc/arm-none-eabi/7.3.1/../../../../arm-none-eabi/lib/thumb/v7e-m/fpv4-sp/hard\libc_nano.a(lib_a-mprec.o)
                0x00000000080107ca                __hi0bits
 .text.__lo0bits
                0x0000000008010808       0x5e c:/st/stm32cubeide_1.3.0/stm32cubeide/plugins/com.st.stm32cube.ide.mcu.externaltools.gnu-tools-for-stm32.7-2018-q2-update.win32_1.0.0.201904181610/tools/bin/../lib/gcc/arm-none-eabi/7.3.1/../../../../arm-none-eabi/lib/thumb/v7e-m/fpv4-sp/hard\libc_nano.a(lib_a-mprec.o)
                0x0000000008010808                __lo0bits
 .text.__i2b    0x0000000008010866       0x12 c:/st/stm32cubeide_1.3.0/stm32cubeide/plugins/com.st.stm32cube.ide.mcu.externaltools.gnu-tools-for-stm32.7-2018-q2-update.win32_1.0.0.201904181610/tools/bin/../lib/gcc/arm-none-eabi/7.3.1/../../../../arm-none-eabi/lib/thumb/v7e-m/fpv4-sp/hard\libc_nano.a(lib_a-mprec.o)
                0x0000000008010866                __i2b
 .text.__multiply
                0x0000000008010878      0x12c c:/st/stm32cubeide_1.3.0/stm32cubeide/plugins/com.st.stm32cube.ide.mcu.externaltools.gnu-tools-for-stm32.7-2018-q2-update.win32_1.0.0.201904181610/tools/bin/../lib/gcc/arm-none-eabi/7.3.1/../../../../arm-none-eabi/lib/thumb/v7e-m/fpv4-sp/hard\libc_nano.a(lib_a-mprec.o)
                0x0000000008010878                __multiply
 .text.__pow5mult
                0x00000000080109a4       0x9c c:/st/stm32cubeide_1.3.0/stm32cubeide/plugins/com.st.stm32cube.ide.mcu.externaltools.gnu-tools-for-stm32.7-2018-q2-update.win32_1.0.0.201904181610/tools/bin/../lib/gcc/arm-none-eabi/7.3.1/../../../../arm-none-eabi/lib/thumb/v7e-m/fpv4-sp/hard\libc_nano.a(lib_a-mprec.o)
                0x00000000080109a4                __pow5mult
 .text.__lshift
                0x0000000008010a40       0xa8 c:/st/stm32cubeide_1.3.0/stm32cubeide/plugins/com.st.stm32cube.ide.mcu.externaltools.gnu-tools-for-stm32.7-2018-q2-update.win32_1.0.0.201904181610/tools/bin/../lib/gcc/arm-none-eabi/7.3.1/../../../../arm-none-eabi/lib/thumb/v7e-m/fpv4-sp/hard\libc_nano.a(lib_a-mprec.o)
                0x0000000008010a40                __lshift
 .text.__mcmp   0x0000000008010ae8       0x34 c:/st/stm32cubeide_1.3.0/stm32cubeide/plugins/com.st.stm32cube.ide.mcu.externaltools.gnu-tools-for-stm32.7-2018-q2-update.win32_1.0.0.201904181610/tools/bin/../lib/gcc/arm-none-eabi/7.3.1/../../../../arm-none-eabi/lib/thumb/v7e-m/fpv4-sp/hard\libc_nano.a(lib_a-mprec.o)
                0x0000000008010ae8                __mcmp
 .text.__mdiff  0x0000000008010b1c       0xba c:/st/stm32cubeide_1.3.0/stm32cubeide/plugins/com.st.stm32cube.ide.mcu.externaltools.gnu-tools-for-stm32.7-2018-q2-update.win32_1.0.0.201904181610/tools/bin/../lib/gcc/arm-none-eabi/7.3.1/../../../../arm-none-eabi/lib/thumb/v7e-m/fpv4-sp/hard\libc_nano.a(lib_a-mprec.o)
                0x0000000008010b1c                __mdiff
 .text.__d2b    0x0000000008010bd6       0x9e c:/st/stm32cubeide_1.3.0/stm32cubeide/plugins/com.st.stm32cube.ide.mcu.externaltools.gnu-tools-for-stm32.7-2018-q2-update.win32_1.0.0.201904181610/tools/bin/../lib/gcc/arm-none-eabi/7.3.1/../../../../arm-none-eabi/lib/thumb/v7e-m/fpv4-sp/hard\libc_nano.a(lib_a-mprec.o)
                0x0000000008010bd6                __d2b
 .text._calloc_r
                0x0000000008010c74       0x1c c:/st/stm32cubeide_1.3.0/stm32cubeide/plugins/com.st.stm32cube.ide.mcu.externaltools.gnu-tools-for-stm32.7-2018-q2-update.win32_1.0.0.201904181610/tools/bin/../lib/gcc/arm-none-eabi/7.3.1/../../../../arm-none-eabi/lib/thumb/v7e-m/fpv4-sp/hard\libc_nano.a(lib_a-nano-callocr.o)
                0x0000000008010c74                _calloc_r
 .text.__ascii_mbtowc
                0x0000000008010c90       0x24 c:/st/stm32cubeide_1.3.0/stm32cubeide/plugins/com.st.stm32cube.ide.mcu.externaltools.gnu-tools-for-stm32.7-2018-q2-update.win32_1.0.0.201904181610/tools/bin/../lib/gcc/arm-none-eabi/7.3.1/../../../../arm-none-eabi/lib/thumb/v7e-m/fpv4-sp/hard\libc_nano.a(lib_a-mbtowc_r.o)
                0x0000000008010c90                __ascii_mbtowc
 .text.__ascii_wctomb
                0x0000000008010cb4       0x1a c:/st/stm32cubeide_1.3.0/stm32cubeide/plugins/com.st.stm32cube.ide.mcu.externaltools.gnu-tools-for-stm32.7-2018-q2-update.win32_1.0.0.201904181610/tools/bin/../lib/gcc/arm-none-eabi/7.3.1/../../../../arm-none-eabi/lib/thumb/v7e-m/fpv4-sp/hard\libc_nano.a(lib_a-wctomb_r.o)
                0x0000000008010cb4                __ascii_wctomb
 *(.glue_7)
 .glue_7        0x0000000008010cce        0x0 linker stubs
 *(.glue_7t)
 .glue_7t       0x0000000008010cce        0x0 linker stubs
 *(.eh_frame)
 *fill*         0x0000000008010cce        0x2 
 .eh_frame      0x0000000008010cd0        0x0 c:/st/stm32cubeide_1.3.0/stm32cubeide/plugins/com.st.stm32cube.ide.mcu.externaltools.gnu-tools-for-stm32.7-2018-q2-update.win32_1.0.0.201904181610/tools/bin/../lib/gcc/arm-none-eabi/7.3.1/thumb/v7e-m/fpv4-sp/hard/crtbegin.o
 *(.init)
 .init          0x0000000008010cd0        0x4 c:/st/stm32cubeide_1.3.0/stm32cubeide/plugins/com.st.stm32cube.ide.mcu.externaltools.gnu-tools-for-stm32.7-2018-q2-update.win32_1.0.0.201904181610/tools/bin/../lib/gcc/arm-none-eabi/7.3.1/thumb/v7e-m/fpv4-sp/hard/crti.o
                0x0000000008010cd0                _init